<html>
<body>
<pre>
<h1>礦ision Build Log</h1>
<h2>Tool Versions:</h2>
IDE-Version: μVision V5.38.0.0
Copyright (C) 2022 ARM Ltd and ARM Germany GmbH. All rights reserved.
License Information: adaa admin, adaad, LIC=X96CK-ZWRZM-MMG9I-TBZDC-A5NIC-R3TJ3
 
Tool Versions:
Toolchain:       MDK-ARM Plus  Version: 5.38.0.0
Toolchain Path:  C:\Keil_v5\ARM\ARMCC\Bin
C Compiler:      Armcc.exe V5.06 update 7 (build 960)
Assembler:       Armasm.exe V5.06 update 7 (build 960)
Linker/Locator:  ArmLink.exe V5.06 update 7 (build 960)
Library Manager: ArmAr.exe V5.06 update 7 (build 960)
Hex Converter:   FromElf.exe V5.06 update 7 (build 960)
CPU DLL:         SARMCM3.DLL V5.38.0.0
Dialog DLL:      DCM.DLL V1.17.5.0
Target DLL:      STLink\ST-LINKIII-KEIL_SWO.dll V3.1.0.0
Dialog DLL:      TCM.DLL V1.56.4.0
 
<h2>Project:</h2>
F:\SWU\西南大学自动化培养\大三上教材\大三实验\已完结_传感器与检测技术\版本\V5.2\USER\WHEELTEC.uvprojx
Project File Date:  05/11/2024

<h2>Output:</h2>
*** Using Compiler 'V5.06 update 7 (build 960)', folder: 'C:\Keil_v5\ARM\ARMCC\Bin'
Build target 'FreeRTOS'
compiling control.c...
compiling PID.c...
PID.c(85): warning:  #223-D: function "abs" declared implicitly
  		if(abs(pid_x.error_angle) > 0.94)
PID.c(99): warning:  #223-D: function "abs" declared implicitly
  		if(abs(pid_x.error_angle) > 0.94)
PID.c(112): warning:  #223-D: function "abs" declared implicitly
  		if(abs(pid_x.error_angle) > 0.94)
PID.c(134): warning:  #223-D: function "abs" declared implicitly
  		if(abs(pid_y.error_angle) > 0.63)
PID.c(148): warning:  #223-D: function "abs" declared implicitly
  		if(abs(pid_y.error_angle) > 0.63)
PID.c(161): warning:  #223-D: function "abs" declared implicitly
  		if(abs(pid_y.error_angle) > 0.63)
PID.c(179): warning:  #1035-D: single-precision operand implicitly converted to double-precision
  	pid_x.Actual_angle  = pid_x.pox * 1.0;
PID.c(180): warning:  #1035-D: single-precision operand implicitly converted to double-precision
  	pid_y.Actual_angle  = pid_y.pox * 1.0;
PID.c(181): warning:  #174-D: expression has no effect
  	return pid_x.Actual_angle ,pid_y.Actual_angle;
PID.c(76): warning:  #177-D: variable "indexy_angle"  was declared but never referenced
  	int indexy_angle;
PID.c(259): warning:  #223-D: function "abs" declared implicitly
  		if(abs(pid_m.bias) > 10)
PID.c(272): warning:  #223-D: function "abs" declared implicitly
  		if(abs(pid_m.bias) > 10)
PID.c(284): warning:  #223-D: function "abs" declared implicitly
  		if(abs(pid_m.bias ) > 10)
PID.c(302): warning:  #223-D: function "abs" declared implicitly
  		if(abs(pid_n.bias) > 10)
PID.c(315): warning:  #223-D: function "abs" declared implicitly
  		if(abs(pid_n.bias) > 10)
PID.c(327): warning:  #223-D: function "abs" declared implicitly
  		if(abs(pid_n.bias ) > 10)
PID.c(342): warning:  #174-D: expression has no effect
  	return pid_m.Encoder,pid_n.Encoder;
PID.c: 17 warnings, 0 errors
compiling stm32f4xx_it.c...
compiling MQ2.c...
MQ2.c(66): warning:  #223-D: function "Get_Adc" declared implicitly
          temp_val += Get_Adc(ch);
MQ2.c(83): warning:  #223-D: function "Get_Adc" declared implicitly
          adcx = Get_Adc(ADC_Channel_8); // 读取ADC值
MQ2.c(84): warning:  #1035-D: single-precision operand implicitly converted to double-precision
          temp = (float)adcx * 3.3 / 4096; // 计算电压
MQ2.c(76): warning:  #177-D: variable "adcStr"  was declared but never referenced
      u8 adcStr[25];   // 存储 ADC 值的字符串
MQ2.c(77): warning:  #177-D: variable "volStr"  was declared but never referenced
      u8 volStr[25];   // 存储电压值的字符串
MQ2.c: 5 warnings, 0 errors
compiling system_stm32f4xx.c...
compiling main.c...
compiling LED.C...
compiling key.c...
compiling encoder.c...
assembling startup_stm32f40_41xxx.s...
compiling adc.c...
compiling motor.c...
compiling DHT11.c...
DHT11.c(95): warning:  #177-D: variable "RH"  was declared but never referenced
      unsigned int  RH, RL, TH, TL, CHECK;
DHT11.c(95): warning:  #177-D: variable "RL"  was declared but never referenced
      unsigned int  RH, RL, TH, TL, CHECK;
DHT11.c(95): warning:  #177-D: variable "TH"  was declared but never referenced
      unsigned int  RH, RL, TH, TL, CHECK;
DHT11.c(95): warning:  #177-D: variable "TL"  was declared but never referenced
      unsigned int  RH, RL, TH, TL, CHECK;
DHT11.c: 4 warnings, 0 errors
compiling lidar.c...
compiling oled.c...
..\HARDWARE\oled.c(168): warning:  #1035-D: single-precision operand implicitly converted to double-precision
      u32 decimalPart = (u32)((num - integerPart) * 100 + 0.5); // 计算并四舍五入小数部分
..\HARDWARE\oled.c(190): warning:  #1035-D: single-precision operand implicitly converted to double-precision
      u32 decimalPart = (u32)((num - integerPart) * 100 + 0.5); // 计算并四舍五入小数部分
..\HARDWARE\oled.c: 2 warnings, 0 errors
compiling usartx.c...
..\HARDWARE\usartx.c(180): warning:  #550-D: variable "Usart_Receive"  was set but never used
  		u8 Usart_Receive;		
..\HARDWARE\usartx.c(535): warning:  #550-D: variable "RxFlag1"  was set but never used
  		static u8 RxFlag1 = 0;
..\HARDWARE\usartx.c: 2 warnings, 0 errors
compiling delay.c...
compiling BH1750.c...
BH1750.c(186): warning:  #188-D: enumerated type mixed with another type
          IICC_SDA((txd&0x80)>>7);
BH1750.c: 1 warning, 0 errors
compiling sys.c...
compiling usart.c...
compiling misc.c...
compiling stm32f4xx_gpio.c...
compiling stm32f4xx_syscfg.c...
compiling stm32f4xx_rcc.c...
compiling stm32f4xx_usart.c...
compiling stm32f4xx_pwr.c...
compiling stm32f4xx_adc.c...
compiling stm32f4xx_can.c...
compiling croutine.c...
compiling stm32f4xx_tim.c...
compiling list.c...
compiling event_groups.c...
compiling queue.c...
compiling tasks.c...
compiling timers.c...
compiling port.c...
compiling heap_4.c...
compiling system.c...
..\BALANCE\system.c(130): warning:  #223-D: function "I2C_GPIOInit" declared implicitly
  	I2C_GPIOInit();
..\BALANCE\system.c(132): warning:  #223-D: function "BH1750_Init" declared implicitly
  	 BH1750_Init();
..\BALANCE\system.c: 2 warnings, 0 errors
compiling robot_select_init.c...
compiling balance.c...
compiling show.c...
compiling I2C.c...
compiling MPU6050.c...
linking...
Program Size: Code=40094 RO-data=6154 RW-data=616 ZI-data=34144  
FromELF: creating hex file...
"..\OBJ\WHEELTEC.axf" - 0 Error(s), 33 Warning(s).

<h2>Software Packages used:</h2>

Package Vendor: Keil
                https://www.keil.com/pack/Keil.STM32F4xx_DFP.2.17.1.pack
                Keil.STM32F4xx_DFP.2.17.1
                STMicroelectronics STM32F4 Series Device Support, Drivers and Examples

<h2>Collection of Component include folders:</h2>
  C:/Users/admin/AppData/Local/arm/packs/Keil/STM32F4xx_DFP/2.17.1/Drivers/CMSIS/Device/ST/STM32F4xx/Include

<h2>Collection of Component Files used:</h2>
Build Time Elapsed:  00:00:03
</pre>
</body>
</html>
