Component: ARM Compiler 5.06 update 7 (build 960) Tool: armlink [4d3601]

==============================================================================

Section Cross References

    main.o(i.main) refers to system.o(i.systemInit) for systemInit
    main.o(i.main) refers to tasks.o(i.xTaskCreate) for xTaskCreate
    main.o(i.main) refers to tasks.o(i.vTaskStartScheduler) for vTaskStartScheduler
    main.o(i.main) refers to main.o(.data) for .data
    main.o(i.main) refers to main.o(i.start_task) for start_task
    main.o(i.start_task) refers to port.o(i.vPortEnterCritical) for vPortEnterCritical
    main.o(i.start_task) refers to tasks.o(i.xTaskCreate) for xTaskCreate
    main.o(i.start_task) refers to tasks.o(i.vTaskDelete) for vTaskDelete
    main.o(i.start_task) refers to port.o(i.vPortExitCritical) for vPortExitCritical
    main.o(i.start_task) refers to balance.o(i.Balance_task) for Balance_task
    main.o(i.start_task) refers to show.o(i.show_task) for show_task
    main.o(i.start_task) refers to led.o(i.led_task) for led_task
    main.o(i.start_task) refers to adc.o(i.adc_task) for adc_task
    main.o(i.start_task) refers to main.o(.data) for .data
    system_stm32f4xx.o(i.SystemCoreClockUpdate) refers to system_stm32f4xx.o(.data) for .data
    system_stm32f4xx.o(i.SystemInit) refers to system_stm32f4xx.o(i.SetSysClock) for SetSysClock
    adc.o(i.Adc_Init) refers to stm32f4xx_rcc.o(i.RCC_AHB1PeriphClockCmd) for RCC_AHB1PeriphClockCmd
    adc.o(i.Adc_Init) refers to stm32f4xx_rcc.o(i.RCC_APB2PeriphClockCmd) for RCC_APB2PeriphClockCmd
    adc.o(i.Adc_Init) refers to stm32f4xx_gpio.o(i.GPIO_Init) for GPIO_Init
    adc.o(i.Adc_Init) refers to stm32f4xx_rcc.o(i.RCC_APB2PeriphResetCmd) for RCC_APB2PeriphResetCmd
    adc.o(i.Adc_Init) refers to stm32f4xx_adc.o(i.ADC_CommonInit) for ADC_CommonInit
    adc.o(i.Adc_Init) refers to stm32f4xx_adc.o(i.ADC_Init) for ADC_Init
    adc.o(i.Adc_Init) refers to stm32f4xx_adc.o(i.ADC_Cmd) for ADC_Cmd
    adc.o(i.Find_CCD_Median) refers to balance.o(i.myabs) for myabs
    adc.o(i.Find_CCD_Median) refers to adc.o(.bss) for .bss
    adc.o(i.Find_CCD_Median) refers to adc.o(.data) for .data
    adc.o(i.Get_Adc) refers to stm32f4xx_adc.o(i.ADC_RegularChannelConfig) for ADC_RegularChannelConfig
    adc.o(i.Get_Adc) refers to stm32f4xx_adc.o(i.ADC_SoftwareStartConv) for ADC_SoftwareStartConv
    adc.o(i.Get_Adc) refers to stm32f4xx_adc.o(i.ADC_GetFlagStatus) for ADC_GetFlagStatus
    adc.o(i.Get_Adc) refers to stm32f4xx_adc.o(i.ADC_GetConversionValue) for ADC_GetConversionValue
    adc.o(i.Get_adc_Average) refers to adc.o(i.Get_Adc) for Get_Adc
    adc.o(i.Get_adc_Average) refers to delay.o(i.delay_ms) for delay_ms
    adc.o(i.Get_battery_volt) refers to adc.o(i.Get_Adc) for Get_Adc
    adc.o(i.Get_battery_volt) refers to dflt_clz.o(x$fpl$dfltu) for __aeabi_ui2d
    adc.o(i.Get_battery_volt) refers to dmul.o(x$fpl$dmul) for __aeabi_dmul
    adc.o(i.Get_battery_volt) refers to d2f.o(x$fpl$d2f) for __aeabi_d2f
    adc.o(i.OPENMV_Init) refers to stm32f4xx_rcc.o(i.RCC_AHB1PeriphClockCmd) for RCC_AHB1PeriphClockCmd
    adc.o(i.OPENMV_Init) refers to stm32f4xx_rcc.o(i.RCC_APB2PeriphClockCmd) for RCC_APB2PeriphClockCmd
    adc.o(i.OPENMV_Init) refers to stm32f4xx_gpio.o(i.GPIO_Init) for GPIO_Init
    adc.o(i.OPENMV_Init) refers to stm32f4xx_rcc.o(i.RCC_AHB2PeriphResetCmd) for RCC_AHB2PeriphResetCmd
    adc.o(i.OPENMV_Init) refers to stm32f4xx_adc.o(i.ADC_CommonInit) for ADC_CommonInit
    adc.o(i.OPENMV_Init) refers to stm32f4xx_adc.o(i.ADC_Init) for ADC_Init
    adc.o(i.OPENMV_Init) refers to stm32f4xx_adc.o(i.ADC_Cmd) for ADC_Cmd
    adc.o(i.RD_TSL) refers to adc.o(i.Dly_us) for Dly_us
    adc.o(i.RD_TSL) refers to adc.o(i.Get_Adc) for Get_Adc
    adc.o(i.RD_TSL) refers to adc.o(.bss) for .bss
    adc.o(i.adc_task) refers to delay.o(i.getSysTickCnt) for getSysTickCnt
    adc.o(i.adc_task) refers to tasks.o(i.vTaskDelayUntil) for vTaskDelayUntil
    adc.o(i.adc_task) refers to adc.o(i.RD_TSL) for RD_TSL
    adc.o(i.adc_task) refers to adc.o(i.Find_CCD_Median) for Find_CCD_Median
    adc.o(i.adc_task) refers to balance.o(.data) for Mode
    adc.o(i.ccd_Init) refers to stm32f4xx_rcc.o(i.RCC_AHB1PeriphClockCmd) for RCC_AHB1PeriphClockCmd
    adc.o(i.ccd_Init) refers to stm32f4xx_rcc.o(i.RCC_APB2PeriphClockCmd) for RCC_APB2PeriphClockCmd
    adc.o(i.ccd_Init) refers to stm32f4xx_gpio.o(i.GPIO_Init) for GPIO_Init
    adc.o(i.ccd_Init) refers to stm32f4xx_rcc.o(i.RCC_AHB2PeriphResetCmd) for RCC_AHB2PeriphResetCmd
    adc.o(i.ccd_Init) refers to stm32f4xx_adc.o(i.ADC_CommonInit) for ADC_CommonInit
    adc.o(i.ccd_Init) refers to stm32f4xx_adc.o(i.ADC_Init) for ADC_Init
    adc.o(i.ccd_Init) refers to stm32f4xx_adc.o(i.ADC_Cmd) for ADC_Cmd
    encoder.o(i.Encoder_Init_TIM2) refers to stm32f4xx_rcc.o(i.RCC_APB1PeriphClockCmd) for RCC_APB1PeriphClockCmd
    encoder.o(i.Encoder_Init_TIM2) refers to stm32f4xx_rcc.o(i.RCC_AHB1PeriphClockCmd) for RCC_AHB1PeriphClockCmd
[...]
    APP_Show                                 0x08000935   Thumb Code   548  show.o(i.APP_Show)
    Adc_Init                                 0x08000c4d   Thumb Code   146  adc.o(i.Adc_Init)
    Along_Adjust_PID                         0x08000ce9   Thumb Code   344  lidar.o(i.Along_Adjust_PID)
    BH1750_Init                              0x08000e6d   Thumb Code     4  bh1750.o(i.BH1750_Init)
    Balance_task                             0x08000e71   Thumb Code   542  balance.o(i.Balance_task)
    BusFault_Handler                         0x080010b9   Thumb Code     2  stm32f4xx_it.o(i.BusFault_Handler)
    Buzzer_Init                              0x080010bd   Thumb Code    60  led.o(i.Buzzer_Init)
    Cmd_Write_BH1750                         0x080010fd   Thumb Code    50  bh1750.o(i.Cmd_Write_BH1750)
    Convert_BH1750                           0x08001131   Thumb Code    82  bh1750.o(i.Convert_BH1750)
    DHT11_GPIO_Init_IN                       0x08001195   Thumb Code    36  dht11.o(i.DHT11_GPIO_Init_IN)
    DHT11_GPIO_Init_OUT                      0x080011bd   Thumb Code    46  dht11.o(i.DHT11_GPIO_Init_OUT)
    DHT11_REC_Data                           0x080011f1   Thumb Code   344  dht11.o(i.DHT11_REC_Data)
    DHT11_Rec_Byte                           0x08001359   Thumb Code    76  dht11.o(i.DHT11_Rec_Byte)
    DHT11_Start                              0x080013a9   Thumb Code    62  dht11.o(i.DHT11_Start)
    DebugMon_Handler                         0x080013ed   Thumb Code     2  stm32f4xx_it.o(i.DebugMon_Handler)
    Dly_us                                   0x080013ef   Thumb Code    10  adc.o(i.Dly_us)
    Drive_Motor                              0x080013f9   Thumb Code   770  balance.o(i.Drive_Motor)
    Enable_Pin                               0x08001765   Thumb Code    42  motor.o(i.Enable_Pin)
    Encoder_Init_TIM2                        0x08001795   Thumb Code   212  encoder.o(i.Encoder_Init_TIM2)
    Encoder_Init_TIM3                        0x08001871   Thumb Code   180  encoder.o(i.Encoder_Init_TIM3)
    Encoder_Init_TIM4                        0x0800192d   Thumb Code   180  encoder.o(i.Encoder_Init_TIM4)
    Encoder_Init_TIM5                        0x080019e9   Thumb Code   178  encoder.o(i.Encoder_Init_TIM5)
    Find_CCD_Median                          0x08001aa5   Thumb Code   238  adc.o(i.Find_CCD_Median)
    GPIO_Init                                0x08001b9d   Thumb Code   120  stm32f4xx_gpio.o(i.GPIO_Init)
    GPIO_PinAFConfig                         0x08001c15   Thumb Code    32  stm32f4xx_gpio.o(i.GPIO_PinAFConfig)
    GPIO_ReadInputDataBit                    0x08001c35   Thumb Code    14  stm32f4xx_gpio.o(i.GPIO_ReadInputDataBit)
    GPIO_ResetBits                           0x08001c43   Thumb Code     4  stm32f4xx_gpio.o(i.GPIO_ResetBits)
    GPIO_SetBits                             0x08001c47   Thumb Code     4  stm32f4xx_gpio.o(i.GPIO_SetBits)
    GPIO_WriteBit                            0x08001c4b   Thumb Code    10  stm32f4xx_gpio.o(i.GPIO_WriteBit)
    Get_Adc                                  0x08001c55   Thumb Code    44  adc.o(i.Get_Adc)
    Get_RC                                   0x08001c85   Thumb Code   392  balance.o(i.Get_RC)
    Get_RC_CCD                               0x08001e41   Thumb Code   216  balance.o(i.Get_RC_CCD)
    Get_RC_OPENMV                            0x08001f55   Thumb Code   210  balance.o(i.Get_RC_OPENMV)
    Get_Velocity_Form_Encoder                0x08002061   Thumb Code   226  balance.o(i.Get_Velocity_Form_Encoder)
    Get_battery_volt                         0x08002169   Thumb Code    70  adc.o(i.Get_battery_volt)
    Get_environment                          0x080021d1   Thumb Code    72  balance.o(i.Get_environment)
    HardFault_Handler                        0x0800222d   Thumb Code     2  stm32f4xx_it.o(i.HardFault_Handler)
    I2C_GPIOInit                             0x08002231   Thumb Code    56  i2c.o(i.I2C_GPIOInit)
    IICC_Ack                                 0x08002271   Thumb Code    68  bh1750.o(i.IICC_Ack)
    IICC_Init                                0x080022bd   Thumb Code   104  bh1750.o(i.IICC_Init)
    IICC_NAck                                0x0800232d   Thumb Code    68  bh1750.o(i.IICC_NAck)
    IICC_Read_Byte                           0x08002379   Thumb Code   108  bh1750.o(i.IICC_Read_Byte)
    IICC_Send_Byte                           0x080023ed   Thumb Code   100  bh1750.o(i.IICC_Send_Byte)
    IICC_Start                               0x08002459   Thumb Code    72  bh1750.o(i.IICC_Start)
    IICC_Stop                                0x080024a9   Thumb Code    74  bh1750.o(i.IICC_Stop)
    IICC_Wait_Ack                            0x080024fd   Thumb Code    98  bh1750.o(i.IICC_Wait_Ack)
    Incremental_PI_A                         0x08002569   Thumb Code    96  balance.o(i.Incremental_PI_A)
    Incremental_PI_B                         0x080025e5   Thumb Code    96  balance.o(i.Incremental_PI_B)
    Incremental_PI_C                         0x08002661   Thumb Code    96  balance.o(i.Incremental_PI_C)
    Incremental_PI_D                         0x080026dd   Thumb Code    96  balance.o(i.Incremental_PI_D)
    KEY_Init                                 0x08002759   Thumb Code    40  key.o(i.KEY_Init)
    LED_Init                                 0x08002785   Thumb Code    58  led.o(i.LED_Init)
    LIDAR_USART_Init                         0x080027c5   Thumb Code   206  lidar.o(i.LIDAR_USART_Init)
    Lidar_Avoid                              0x080028a1   Thumb Code   242  balance.o(i.Lidar_Avoid)
    Lidar_along_wall                         0x080029c9   Thumb Code   190  balance.o(i.Lidar_along_wall)
    Limit_Pwm                                0x08002ab1   Thumb Code   126  balance.o(i.Limit_Pwm)
    MQ2_Init                                 0x08002b41   Thumb Code   112  mq2.o(i.MQ2_Init)
    MeasureAirQuality                        0x08002bb9   Thumb Code   150  mq2.o(i.MeasureAirQuality)
    MemManage_Handler                        0x08002c79   Thumb Code     2  stm32f4xx_it.o(i.MemManage_Handler)
    MiniBalance_PWM11_Init                   0x08002c7d   Thumb Code   150  motor.o(i.MiniBalance_PWM11_Init)
    MiniBalance_PWM1_Init                    0x08002d1d   Thumb Code   238  motor.o(i.MiniBalance_PWM1_Init)
    MiniBalance_PWM9_Init                    0x08002e15   Thumb Code   176  motor.o(i.MiniBalance_PWM9_Init)
    MiniBalance_PWM_Init                     0x08002ecd   Thumb Code   150  motor.o(i.MiniBalance_PWM_Init)
    NMI_Handler                              0x08002f6d   Thumb Code     2  stm32f4xx_it.o(i.NMI_Handler)
    NVIC_Init                                0x08002f71   Thumb Code    96  misc.o(i.NVIC_Init)
    NVIC_PriorityGroupConfig                 0x08002fd5   Thumb Code    10  misc.o(i.NVIC_PriorityGroupConfig)
    OLED_Clear                               0x08002fe9   Thumb Code    38  oled.o(i.OLED_Clear)
    OLED_DrawPoint                           0x08003015   Thumb Code    54  oled.o(i.OLED_DrawPoint)
    OLED_DrawPoint_Shu                       0x08003051   Thumb Code    50  show.o(i.OLED_DrawPoint_Shu)
    OLED_Init                                0x08003085   Thumb Code   294  oled.o(i.OLED_Init)
    OLED_Refresh_Gram                        0x080031b5   Thumb Code    66  oled.o(i.OLED_Refresh_Gram)
    OLED_ShowChar                            0x080031fd   Thumb Code   124  oled.o(i.OLED_ShowChar)
    OLED_ShowFloat_1                         0x08003281   Thumb Code   138  oled.o(i.OLED_ShowFloat_1)
    OLED_ShowNumber                          0x08003319   Thumb Code   120  oled.o(i.OLED_ShowNumber)
    OLED_ShowString                          0x08003391   Thumb Code    62  oled.o(i.OLED_ShowString)
    OLED_Show_CCD                            0x080033d1   Thumb Code    42  show.o(i.OLED_Show_CCD)
    OLED_WR_Byte                             0x08003405   Thumb Code    62  oled.o(i.OLED_WR_Byte)
    OPENMV_Init                              0x08003449   Thumb Code   176  adc.o(i.OPENMV_Init)
    PWR_BackupAccessCmd                      0x08003505   Thumb Code     6  stm32f4xx_pwr.o(i.PWR_BackupAccessCmd)
    RCC_AHB1PeriphClockCmd                   0x08003511   Thumb Code    18  stm32f4xx_rcc.o(i.RCC_AHB1PeriphClockCmd)
    RCC_AHB2PeriphResetCmd                   0x08003529   Thumb Code    18  stm32f4xx_rcc.o(i.RCC_AHB2PeriphResetCmd)
    RCC_APB1PeriphClockCmd                   0x08003541   Thumb Code    18  stm32f4xx_rcc.o(i.RCC_APB1PeriphClockCmd)
    RCC_APB1PeriphResetCmd                   0x08003559   Thumb Code    18  stm32f4xx_rcc.o(i.RCC_APB1PeriphResetCmd)
    RCC_APB2PeriphClockCmd                   0x08003571   Thumb Code    18  stm32f4xx_rcc.o(i.RCC_APB2PeriphClockCmd)
    RCC_APB2PeriphResetCmd                   0x08003589   Thumb Code    18  stm32f4xx_rcc.o(i.RCC_APB2PeriphResetCmd)
    RCC_GetClocksFreq                        0x080035a1   Thumb Code   132  stm32f4xx_rcc.o(i.RCC_GetClocksFreq)
    RCC_LSEConfig                            0x08003631   Thumb Code    22  stm32f4xx_rcc.o(i.RCC_LSEConfig)
    RD_TSL                                   0x0800364d   Thumb Code   142  adc.o(i.RD_TSL)
    Read_BH1750                              0x080036e9   Thumb Code    52  bh1750.o(i.Read_BH1750)
    Read_Encoder                             0x08003721   Thumb Code    52  encoder.o(i.Read_Encoder)
    Robot_Init                               0x08003761   Thumb Code   110  robot_select_init.o(i.Robot_Init)
    Robot_Select                             0x080037e9   Thumb Code    30  robot_select_init.o(i.Robot_Select)
    SDAC_IN                                  0x0800381d   Thumb Code    34  bh1750.o(i.SDAC_IN)
    SDAC_OUT                                 0x08003845   Thumb Code    34  bh1750.o(i.SDAC_OUT)
    Servo_PWM_Init                           0x0800386d   Thumb Code   166  motor.o(i.Servo_PWM_Init)
    Set_Pwm                                  0x080039d1   Thumb Code    94  balance.o(i.Set_Pwm)
    Smooth_control                           0x08003a45   Thumb Code   308  balance.o(i.Smooth_control)
    Start_BH1750                             0x08003b85   Thumb Code    24  bh1750.o(i.Start_BH1750)
    SysTick_CLKSourceConfig                  0x08003b9d   Thumb Code    24  misc.o(i.SysTick_CLKSourceConfig)
    SysTick_Handler                          0x08003bb5   Thumb Code    20  delay.o(i.SysTick_Handler)
    SystemInit                               0x08003bc9   Thumb Code    74  system_stm32f4xx.o(i.SystemInit)
    TIM2_IRQHandler                          0x08003c89   Thumb Code    16  encoder.o(i.TIM2_IRQHandler)
    TIM3_IRQHandler                          0x08003c99   Thumb Code    14  encoder.o(i.TIM3_IRQHandler)
    TIM4_IRQHandler                          0x08003cad   Thumb Code    14  encoder.o(i.TIM4_IRQHandler)
    TIM5_IRQHandler                          0x08003cc1   Thumb Code    14  encoder.o(i.TIM5_IRQHandler)
    TIM_ARRPreloadConfig                     0x08003cd5   Thumb Code    20  stm32f4xx_tim.o(i.TIM_ARRPreloadConfig)
    TIM_ClearFlag                            0x08003ce9   Thumb Code     6  stm32f4xx_tim.o(i.TIM_ClearFlag)
    TIM_Cmd                                  0x08003cef   Thumb Code    20  stm32f4xx_tim.o(i.TIM_Cmd)
    TIM_CtrlPWMOutputs                       0x08003d03   Thumb Code    22  stm32f4xx_tim.o(i.TIM_CtrlPWMOutputs)
    TIM_EncoderInterfaceConfig               0x08003d19   Thumb Code    50  stm32f4xx_tim.o(i.TIM_EncoderInterfaceConfig)
    TIM_ICInit                               0x08003d4b   Thumb Code   172  stm32f4xx_tim.o(i.TIM_ICInit)
    TIM_ICStructInit                         0x08003df7   Thumb Code    16  stm32f4xx_tim.o(i.TIM_ICStructInit)
    TIM_ITConfig                             0x08003e07   Thumb Code    16  stm32f4xx_tim.o(i.TIM_ITConfig)
    TIM_OC1Init                              0x08003e19   Thumb Code    88  stm32f4xx_tim.o(i.TIM_OC1Init)
    TIM_OC1PreloadConfig                     0x08003e79   Thumb Code    12  stm32f4xx_tim.o(i.TIM_OC1PreloadConfig)
    TIM_OC2Init                              0x08003e85   Thumb Code   120  stm32f4xx_tim.o(i.TIM_OC2Init)
    TIM_OC2PreloadConfig                     0x08003f05   Thumb Code    20  stm32f4xx_tim.o(i.TIM_OC2PreloadConfig)
    TIM_OC3Init                              0x08003f19   Thumb Code   116  stm32f4xx_tim.o(i.TIM_OC3Init)
    TIM_OC3PreloadConfig                     0x08003f95   Thumb Code    12  stm32f4xx_tim.o(i.TIM_OC3PreloadConfig)
    TIM_OC4Init                              0x08003fa1   Thumb Code    88  stm32f4xx_tim.o(i.TIM_OC4Init)
    TIM_OC4PreloadConfig                     0x08004001   Thumb Code    20  stm32f4xx_tim.o(i.TIM_OC4PreloadConfig)
    TIM_SetCounter                           0x08004015   Thumb Code     4  stm32f4xx_tim.o(i.TIM_SetCounter)
    TIM_SetIC1Prescaler                      0x08004019   Thumb Code    16  stm32f4xx_tim.o(i.TIM_SetIC1Prescaler)
    TIM_SetIC2Prescaler                      0x08004029   Thumb Code    24  stm32f4xx_tim.o(i.TIM_SetIC2Prescaler)
    TIM_SetIC3Prescaler                      0x08004041   Thumb Code    16  stm32f4xx_tim.o(i.TIM_SetIC3Prescaler)
    TIM_SetIC4Prescaler                      0x08004051   Thumb Code    24  stm32f4xx_tim.o(i.TIM_SetIC4Prescaler)
    TIM_TimeBaseInit                         0x08004069   Thumb Code    96  stm32f4xx_tim.o(i.TIM_TimeBaseInit)
    TIM_TimeBaseStructInit                   0x080040e5   Thumb Code    18  stm32f4xx_tim.o(i.TIM_TimeBaseStructInit)
    Turn_Off                                 0x080040f9   Thumb Code    28  balance.o(i.Turn_Off)
    UART5_IRQHandler                         0x0800411d   Thumb Code   358  lidar.o(i.UART5_IRQHandler)
    USART1_IRQHandler                        0x08004291   Thumb Code    26  usartx.o(i.USART1_IRQHandler)
    USART2_IRQHandler                        0x080042b1   Thumb Code   696  usartx.o(i.USART2_IRQHandler)
    USART3_IRQHandler                        0x080045d9   Thumb Code   294  usartx.o(i.USART3_IRQHandler)
    USART_ClearFlag                          0x08004715   Thumb Code     6  stm32f4xx_usart.o(i.USART_ClearFlag)
    USART_ClearITPendingBit                  0x0800471b   Thumb Code    12  stm32f4xx_usart.o(i.USART_ClearITPendingBit)
    USART_Cmd                                0x08004727   Thumb Code    20  stm32f4xx_usart.o(i.USART_Cmd)
    USART_DeInit                             0x0800473d   Thumb Code   138  stm32f4xx_usart.o(i.USART_DeInit)
    USART_GetITStatus                        0x080047e9   Thumb Code    62  stm32f4xx_usart.o(i.USART_GetITStatus)
    USART_ITConfig                           0x08004827   Thumb Code    48  stm32f4xx_usart.o(i.USART_ITConfig)
    USART_Init                               0x08004859   Thumb Code   164  stm32f4xx_usart.o(i.USART_Init)
    USART_ReceiveData                        0x08004905   Thumb Code     8  stm32f4xx_usart.o(i.USART_ReceiveData)
    UsageFault_Handler                       0x0800490d   Thumb Code     2  stm32f4xx_it.o(i.UsageFault_Handler)
    __ARM_fpclassify                         0x0800490f   Thumb Code    48  fpclassify.o(i.__ARM_fpclassify)
    __hardfp_pow                             0x08004941   Thumb Code  3072  pow.o(i.__hardfp_pow)
    __hardfp_tan                             0x08005591   Thumb Code   108  tan.o(i.__hardfp_tan)
    __ieee754_rem_pio2                       0x08005611   Thumb Code   938  rred.o(i.__ieee754_rem_pio2)
    __kernel_poly                            0x08005a49   Thumb Code   248  poly.o(i.__kernel_poly)
    __kernel_tan                             0x08005b41   Thumb Code   764  tan_i.o(i.__kernel_tan)
    __mathlib_dbl_divzero                    0x08005e91   Thumb Code    28  dunder.o(i.__mathlib_dbl_divzero)
    __mathlib_dbl_infnan                     0x08005ec1   Thumb Code    20  dunder.o(i.__mathlib_dbl_infnan)
    __mathlib_dbl_infnan2                    0x08005ed5   Thumb Code    20  dunder.o(i.__mathlib_dbl_infnan2)
    __mathlib_dbl_invalid                    0x08005ee9   Thumb Code    24  dunder.o(i.__mathlib_dbl_invalid)
    __mathlib_dbl_overflow                   0x08005f09   Thumb Code    24  dunder.o(i.__mathlib_dbl_overflow)
    __mathlib_dbl_underflow                  0x08005f29   Thumb Code    24  dunder.o(i.__mathlib_dbl_underflow)
    _sys_exit                                0x08005f49   Thumb Code     2  usart.o(i._sys_exit)
    adc_task                                 0x08005f4d   Thumb Code    34  adc.o(i.adc_task)
    ccd_Init                                 0x08005f75   Thumb Code   176  adc.o(i.ccd_Init)
    click_N_Double                           0x08006031   Thumb Code   132  key.o(i.click_N_Double)
    data_process                             0x080060bd   Thumb Code   256  lidar.o(i.data_process)
    delay_init                               0x080061d9   Thumb Code    50  delay.o(i.delay_init)
    delay_ms                                 0x08006211   Thumb Code    52  delay.o(i.delay_ms)
    delay_us                                 0x08006249   Thumb Code    48  delay.o(i.delay_us)
    fabs                                     0x0800627d   Thumb Code    24  fabs.o(i.fabs)
    float_abs                                0x08006295   Thumb Code    16  balance.o(i.float_abs)
    fputc                                    0x080062a5   Thumb Code    18  usart.o(i.fputc)
    getSysTickCnt                            0x080062bd   Thumb Code    24  delay.o(i.getSysTickCnt)
    led_task                                 0x080062d9   Thumb Code    22  led.o(i.led_task)
    main                                     0x080062f9   Thumb Code    34  main.o(i.main)
    myabs                                    0x08006331   Thumb Code     8  balance.o(i.myabs)
    oled_pow                                 0x08006339   Thumb Code    16  oled.o(i.oled_pow)
    oled_show                                0x08006349   Thumb Code  2620  show.o(i.oled_show)
    pvPortMalloc                             0x08007631   Thumb Code   214  heap_4.o(i.pvPortMalloc)
    pvTaskIncrementMutexHeldCount            0x08007745   Thumb Code    18  tasks.o(i.pvTaskIncrementMutexHeldCount)
    pxPortInitialiseStack                    0x0800775d   Thumb Code    40  port.o(i.pxPortInitialiseStack)
    show_task                                0x08007789   Thumb Code   258  show.o(i.show_task)
    sqrt                                     0x080078b1   Thumb Code   110  sqrt.o(i.sqrt)
    start_task                               0x08007921   Thumb Code    98  main.o(i.start_task)
    systemInit                               0x080079cd   Thumb Code   154  system.o(i.systemInit)
    target_limit_float                       0x08007a6d   Thumb Code    32  balance.o(i.target_limit_float)
    target_limit_int                         0x08007a8d   Thumb Code    16  balance.o(i.target_limit_int)
    uart1_init                               0x08007a9d   Thumb Code   164  usartx.o(i.uart1_init)
    uart2_init                               0x08007b49   Thumb Code   160  usartx.o(i.uart2_init)
    uart3_init                               0x08007bf1   Thumb Code   172  usartx.o(i.uart3_init)
    uxListRemove                             0x08007ca5   Thumb Code    36  list.o(i.uxListRemove)
    vListInitialise                          0x08007cc9   Thumb Code    22  list.o(i.vListInitialise)
    vListInitialiseItem                      0x08007cdf   Thumb Code     6  list.o(i.vListInitialiseItem)
    vListInsert                              0x08007ce5   Thumb Code    48  list.o(i.vListInsert)
    vListInsertEnd                           0x08007d15   Thumb Code    24  list.o(i.vListInsertEnd)
    vPortEnterCritical                       0x08007d2d   Thumb Code    50  port.o(i.vPortEnterCritical)
    vPortExitCritical                        0x08007da5   Thumb Code    34  port.o(i.vPortExitCritical)
    vPortFree                                0x08007e09   Thumb Code    94  heap_4.o(i.vPortFree)
    vPortSetupTimerInterrupt                 0x08007ea5   Thumb Code    26  port.o(i.vPortSetupTimerInterrupt)
    vPortValidateInterruptPriority           0x08007ec5   Thumb Code    70  port.o(i.vPortValidateInterruptPriority)
    vQueueAddToRegistry                      0x08007f51   Thumb Code    32  queue.o(i.vQueueAddToRegistry)
    vQueueWaitForMessageRestricted           0x08007f75   Thumb Code    68  queue.o(i.vQueueWaitForMessageRestricted)
    vTaskDelay                               0x08007fb9   Thumb Code    62  tasks.o(i.vTaskDelay)
    vTaskDelayUntil                          0x08008025   Thumb Code   128  tasks.o(i.vTaskDelayUntil)
    vTaskDelete                              0x080080d1   Thumb Code   152  tasks.o(i.vTaskDelete)
    vTaskMissedYield                         0x0800819d   Thumb Code     8  tasks.o(i.vTaskMissedYield)
    vTaskPlaceOnEventList                    0x080081a9   Thumb Code    44  tasks.o(i.vTaskPlaceOnEventList)
    vTaskPlaceOnEventListRestricted          0x080081fd   Thumb Code    52  tasks.o(i.vTaskPlaceOnEventListRestricted)
    vTaskPriorityInherit                     0x08008259   Thumb Code   124  tasks.o(i.vTaskPriorityInherit)
    vTaskSetTimeOutState                     0x080082dd   Thumb Code    30  tasks.o(i.vTaskSetTimeOutState)
    vTaskStartScheduler                      0x08008325   Thumb Code    96  tasks.o(i.vTaskStartScheduler)
    vTaskSuspendAll                          0x080083b9   Thumb Code    10  tasks.o(i.vTaskSuspendAll)
    vTaskSwitchContext                       0x080083c9   Thumb Code    80  tasks.o(i.vTaskSwitchContext)
    xPortStartScheduler                      0x08008445   Thumb Code   196  port.o(i.xPortStartScheduler)
    xPortSysTickHandler                      0x08008559   Thumb Code    38  port.o(i.xPortSysTickHandler)
    xQueueGenericCreate                      0x08008585   Thumb Code    82  queue.o(i.xQueueGenericCreate)
    xQueueGenericReceive                     0x080085fd   Thumb Code   348  queue.o(i.xQueueGenericReceive)
    xQueueGenericReset                       0x08008781   Thumb Code   128  queue.o(i.xQueueGenericReset)
    xQueueGenericSend                        0x08008829   Thumb Code   350  queue.o(i.xQueueGenericSend)
    xQueueGenericSendFromISR                 0x080089b1   Thumb Code   188  queue.o(i.xQueueGenericSendFromISR)
    xTaskCheckForTimeOut                     0x08008a91   Thumb Code    94  tasks.o(i.xTaskCheckForTimeOut)
    xTaskCreate                              0x08008b19   Thumb Code    86  tasks.o(i.xTaskCreate)
    xTaskGetSchedulerState                   0x08008b71   Thumb Code    22  tasks.o(i.xTaskGetSchedulerState)
    xTaskGetTickCount                        0x08008b8d   Thumb Code     6  tasks.o(i.xTaskGetTickCount)
    xTaskIncrementTick                       0x08008b99   Thumb Code   188  tasks.o(i.xTaskIncrementTick)
    xTaskPriorityDisinherit                  0x08008c81   Thumb Code   136  tasks.o(i.xTaskPriorityDisinherit)
    xTaskRemoveFromEventList                 0x08008d35   Thumb Code   102  tasks.o(i.xTaskRemoveFromEventList)
    xTaskResumeAll                           0x08008dcd   Thumb Code   180  tasks.o(i.xTaskResumeAll)
    xTimerCreate                             0x08008eb1   Thumb Code    74  timers.o(i.xTimerCreate)
    xTimerCreateTimerTask                    0x08008f25   Thumb Code    58  timers.o(i.xTimerCreateTimerTask)
    xTimerGenericCommand                     0x08008f99   Thumb Code    98  timers.o(i.xTimerGenericCommand)
    __aeabi_dneg                             0x08009029   Thumb Code     0  basic.o(x$fpl$basic)
    _dneg                                    0x08009029   Thumb Code     6  basic.o(x$fpl$basic)
    __aeabi_fneg                             0x0800902f   Thumb Code     0  basic.o(x$fpl$basic)
    _fneg                                    0x0800902f   Thumb Code     6  basic.o(x$fpl$basic)
    _dabs                                    0x08009035   Thumb Code     6  basic.o(x$fpl$basic)
    _fabs                                    0x0800903b   Thumb Code     6  basic.o(x$fpl$basic)
    __aeabi_d2f                              0x08009041   Thumb Code     0  d2f.o(x$fpl$d2f)
    _d2f                                     0x08009041   Thumb Code    98  d2f.o(x$fpl$d2f)
    __aeabi_dadd                             0x080090a5   Thumb Code     0  daddsub_clz.o(x$fpl$dadd)
    _dadd                                    0x080090a5   Thumb Code   332  daddsub_clz.o(x$fpl$dadd)
    __fpl_dcheck_NaN1                        0x080091f5   Thumb Code    10  dcheck1.o(x$fpl$dcheck1)
    __fpl_dcmp_Inf                           0x08009205   Thumb Code    24  dcmpi.o(x$fpl$dcmpinf)
    __aeabi_ddiv                             0x0800921d   Thumb Code     0  ddiv.o(x$fpl$ddiv)
    _ddiv                                    0x0800921d   Thumb Code   552  ddiv.o(x$fpl$ddiv)
    __aeabi_d2iz                             0x080094cd   Thumb Code     0  dfix.o(x$fpl$dfix)
    _dfix                                    0x080094cd   Thumb Code    94  dfix.o(x$fpl$dfix)
    __aeabi_d2uiz                            0x0800952d   Thumb Code     0  dfixu.o(x$fpl$dfixu)
    _dfixu                                   0x0800952d   Thumb Code    90  dfixu.o(x$fpl$dfixu)
    __aeabi_i2d                              0x08009587   Thumb Code     0  dflt_clz.o(x$fpl$dflt)
    _dflt                                    0x08009587   Thumb Code    46  dflt_clz.o(x$fpl$dflt)
    __aeabi_ui2d                             0x080095b5   Thumb Code     0  dflt_clz.o(x$fpl$dfltu)
    _dfltu                                   0x080095b5   Thumb Code    38  dflt_clz.o(x$fpl$dfltu)
    __aeabi_cdcmple                          0x080095dd   Thumb Code     0  dleqf.o(x$fpl$dleqf)
    _dcmple                                  0x080095dd   Thumb Code   120  dleqf.o(x$fpl$dleqf)
    __fpl_dcmple_InfNaN                      0x0800963f   Thumb Code     0  dleqf.o(x$fpl$dleqf)
    __aeabi_dmul                             0x08009655   Thumb Code     0  dmul.o(x$fpl$dmul)
    _dmul                                    0x08009655   Thumb Code   332  dmul.o(x$fpl$dmul)
    __fpl_dnaninf                            0x080097a9   Thumb Code   156  dnaninf.o(x$fpl$dnaninf)
    __fpl_dretinf                            0x08009845   Thumb Code    12  dretinf.o(x$fpl$dretinf)
    __aeabi_cdrcmple                         0x08009851   Thumb Code     0  drleqf.o(x$fpl$drleqf)
    _drcmple                                 0x08009851   Thumb Code   108  drleqf.o(x$fpl$drleqf)
    __aeabi_drsub                            0x080098bd   Thumb Code     0  daddsub_clz.o(x$fpl$drsb)
    _drsb                                    0x080098bd   Thumb Code    22  daddsub_clz.o(x$fpl$drsb)
    _dsqrt                                   0x080098d5   Thumb Code   404  dsqrt_umaal.o(x$fpl$dsqrt)
    __aeabi_dsub                             0x08009a6d   Thumb Code     0  daddsub_clz.o(x$fpl$dsub)
    _dsub                                    0x08009a6d   Thumb Code   464  daddsub_clz.o(x$fpl$dsub)
    __aeabi_f2d                              0x08009c41   Thumb Code     0  f2d.o(x$fpl$f2d)
    _f2d                                     0x08009c41   Thumb Code    86  f2d.o(x$fpl$f2d)
    __fpl_fnaninf                            0x08009c97   Thumb Code   140  fnaninf.o(x$fpl$fnaninf)
    _fp_init                                 0x08009d23   Thumb Code    10  fpinit.o(x$fpl$fpinit)
    __fplib_config_fpu_vfp                   0x08009d2b   Thumb Code     0  fpinit.o(x$fpl$fpinit)
    __fplib_config_pureend_doubles           0x08009d2b   Thumb Code     0  fpinit.o(x$fpl$fpinit)
    __fpl_fretinf                            0x08009d2d   Thumb Code    10  fretinf.o(x$fpl$fretinf)
    __fpl_return_NaN                         0x08009d37   Thumb Code   100  retnan.o(x$fpl$retnan)
    __ARM_scalbn                             0x08009d9b   Thumb Code    92  scalbn.o(x$fpl$scalbn)
    __fpl_cmpreturn                          0x08009df7   Thumb Code    48  trapv.o(x$fpl$trapveneer)
    __I$use$fp                               0x08009e26   Number         0  usenofp.o(x$fpl$usenofp)
    oled_asc2_1206                           0x08009e26   Data        1140  oled.o(.constdata)
    oled_asc2_1608                           0x0800a29a   Data        1520  oled.o(.constdata)
    Hzk16                                    0x0800a88a   Data        2624  oled.o(.constdata)
    __mathlib_zero                           0x0800b358   Data           8  qnan.o(.constdata)
    Region$$Table$$Base                      0x0800b488   Number         0  anon$$obj.o(Region$$Table)
    Region$$Table$$Limit                     0x0800b4a8   Number         0  anon$$obj.o(Region$$Table)
    StartTask_Handler                        0x20000000   Data           4  main.o(.data)
    SystemCoreClock                          0x20000004   Data           4  system_stm32f4xx.o(.data)
    AHBPrescTable                            0x20000008   Data          16  system_stm32f4xx.o(.data)
    CCD_Median                               0x20000026   Data           2  adc.o(.data)
    CCD_Threshold                            0x20000028   Data           2  adc.o(.data)
    Voltage                                  0x2000002c   Data           4  adc.o(.data)
    Voltage_All                              0x20000030   Data           4  adc.o(.data)
    Led_Count                                0x20000048   Data           4  led.o(.data)
    biass                                    0x20000050   Data           4  usartx.o(.data)
    Car_STOP                                 0x20000054   Data           4  usartx.o(.data)
    Car_path                                 0x20000060   Data           4  usartx.o(.data)
    Car_LapNum_Tar                           0x20000064   Data           4  usartx.o(.data)
    Car_LapNum                               0x20000078   Data           4  usartx.o(.data)
    Diff_Along_Distance_KP                   0x20000080   Data           4  lidar.o(.data)
    Diff_Along_Distance_KD                   0x20000084   Data           4  lidar.o(.data)
    Diff_Along_Distance_KI                   0x20000088   Data           4  lidar.o(.data)
    Akm_Along_Distance_KP                    0x2000008c   Data           4  lidar.o(.data)
    Akm_Along_Distance_KD                    0x20000090   Data           4  lidar.o(.data)
    Akm_Along_Distance_KI                    0x20000094   Data           4  lidar.o(.data)
    FourWheel_Along_Distance_KP              0x20000098   Data           4  lidar.o(.data)
    FourWheel_Along_Distance_KD              0x2000009c   Data           4  lidar.o(.data)
    FourWheel_Along_Distance_KI              0x200000a0   Data           4  lidar.o(.data)
    Along_Distance_KP                        0x200000a4   Data           4  lidar.o(.data)
    Along_Distance_KD                        0x200000a8   Data           4  lidar.o(.data)
    Along_Distance_KI                        0x200000ac   Data           4  lidar.o(.data)
    Distance_KP                              0x200000b0   Data           4  lidar.o(.data)
    Distance_KD                              0x200000b4   Data           4  lidar.o(.data)
    Distance_KI                              0x200000b8   Data           4  lidar.o(.data)
    Follow_KP                                0x200000bc   Data           4  lidar.o(.data)
    Follow_KD                                0x200000c0   Data           4  lidar.o(.data)
    Follow_KI                                0x200000c4   Data           4  lidar.o(.data)
    Follow_KP_Akm                            0x200000c8   Data           4  lidar.o(.data)
    Follow_KD_Akm                            0x200000cc   Data           4  lidar.o(.data)
    Follow_KI_Akm                            0x200000d0   Data           4  lidar.o(.data)
    data_cnt                                 0x200000d4   Data           4  lidar.o(.data)
    last_R_L                                 0x20000108   Data           1  dht11.o(.data)
    last_T_L                                 0x20000109   Data           1  dht11.o(.data)
    last_RH                                  0x2000010a   Data           1  dht11.o(.data)
    last_TH                                  0x2000010b   Data           1  dht11.o(.data)
    ppm                                      0x20000110   Data           4  mq2.o(.data)
    BUF                                      0x20000114   Data           2  bh1750.o(.data)
    result1750                               0x20000116   Data           2  bh1750.o(.data)
    __stdout                                 0x20000120   Data           4  usart.o(.data)
    pxCurrentTCB                             0x20000134   Data           4  tasks.o(.data)
    Flag_Stop                                0x200001a8   Data           1  system.o(.data)
    Car_Mode                                 0x200001a9   Data           1  system.o(.data)
    RC_Velocity                              0x200001ac   Data           4  system.o(.data)
    CCD_KP                                   0x200001b0   Data           4  system.o(.data)
    CCD_KI                                   0x200001b4   Data           4  system.o(.data)
    OPENMV_KP                                0x200001b8   Data           4  system.o(.data)
    OPENMV_KI                                0x200001bc   Data           4  system.o(.data)
    Velocity_KP                              0x200001c0   Data           4  system.o(.data)
    Velocity_KI                              0x200001c4   Data           4  system.o(.data)
    APP_ON_Flag                              0x200001c8   Data           1  system.o(.data)
    Flag_Direction                           0x200001c9   Data           1  system.o(.data)
    Servo                                    0x200001cc   Data           4  system.o(.data)
    Move_X                                   0x200001d0   Data           4  system.o(.data)
    Move_Y                                   0x200001d4   Data           4  system.o(.data)
    Move_Z                                   0x200001d8   Data           4  system.o(.data)
    Encoder_precision                        0x200001dc   Data           4  system.o(.data)
    Wheel_perimeter                          0x200001e0   Data           4  system.o(.data)
    Wheel_spacing                            0x200001e4   Data           4  system.o(.data)
    Axle_spacing                             0x200001e8   Data           4  system.o(.data)
    Flag_Left                                0x200001ec   Data           1  system.o(.data)
    Flag_Right                               0x200001ed   Data           1  system.o(.data)
    Turn_Flag                                0x200001ee   Data           1  system.o(.data)
    PID_Send                                 0x200001ef   Data           1  system.o(.data)
    Lidar_Detect                             0x200001f0   Data           1  balance.o(.data)
    Mode                                     0x200001f1   Data           1  balance.o(.data)
    Time_count                               0x200001f8   Data           4  balance.o(.data)
    RC_Velocity_CCD                          0x200001fc   Data           4  balance.o(.data)
    RC_Velocity_OPENMV                       0x20000200   Data           4  balance.o(.data)
    Buzzer_count                             0x20000254   Data           4  show.o(.data)
    Voltage_Show                             0x20000264   Data           4  show.o(.data)
    ADV                                      0x20000268   Data         256  adc.o(.bss)
    OLED_GRAM                                0x20000368   Data        1024  oled.o(.bss)
    Pack_Data                                0x2000079c   Data         106  lidar.o(.bss)
    Dataprocess                              0x20000808   Data        9600  lidar.o(.bss)
    rec_data                                 0x20002d88   Data          16  dht11.o(.bss)
    xQueueRegistry                           0x20002d98   Data          64  queue.o(.bss)
    smooth_control                           0x200080e4   Data          12  system.o(.bss)
    MOTOR_A                                  0x200080f0   Data          20  system.o(.bss)
    MOTOR_B                                  0x20008104   Data          20  system.o(.bss)
    MOTOR_C                                  0x20008118   Data          20  system.o(.bss)
    MOTOR_D                                  0x2000812c   Data          20  system.o(.bss)
    OriginalEncoder                          0x20008140   Data          16  balance.o(.bss)
    Robot_Parament                           0x20008150   Data          20  robot_select_init.o(.bss)
    __libspace_start                         0x20008164   Data          96  libspace.o(.bss)
    __temporary_stack_top$libspace           0x200081c4   Data           0  libspace.o(.bss)



==============================================================================

Memory Map of the image

  Image Entry point : 0x08000189

  Load Region LR_IROM1 (Base: 0x08000000, Size: 0x0000b710, Max: 0x00080000, ABSOLUTE, COMPRESSED[0x0000b540])

    Execution Region ER_IROM1 (Exec base: 0x08000000, Load base: 0x08000000, Size: 0x0000b4a8, Max: 0x00080000, ABSOLUTE)

    Exec Addr    Load Addr    Size         Type   Attr      Idx    E Section Name        Object

    0x08000000   0x08000000   0x00000188   Data   RO         1421    RESET               startup_stm32f40_41xxx.o
    0x08000188   0x08000188   0x00000008   Code   RO         4847  * !!!main             c_w.l(__main.o)
    0x08000190   0x08000190   0x00000034   Code   RO         5177    !!!scatter          c_w.l(__scatter.o)
    0x080001c4   0x080001c4   0x0000005a   Code   RO         5175    !!dczerorl2         c_w.l(__dczerorl2.o)
    0x0800021e   0x0800021e   0x00000002   PAD
    0x08000220   0x08000220   0x0000001c   Code   RO         5179    !!handler_zi        c_w.l(__scatter_zi.o)
    0x0800023c   0x0800023c   0x00000000   Code   RO         4830    .ARM.Collect$$_printf_percent$$00000000  c_w.l(_printf_percent.o)
    0x0800023c   0x0800023c   0x00000006   Code   RO         4828    .ARM.Collect$$_printf_percent$$00000009  c_w.l(_printf_d.o)
    0x08000242   0x08000242   0x00000006   Code   RO         4827    .ARM.Collect$$_printf_percent$$00000014  c_w.l(_printf_s.o)
    0x08000248   0x08000248   0x00000004   Code   RO         4932    .ARM.Collect$$_printf_percent$$00000017  c_w.l(_printf_percent_end.o)
    0x0800024c   0x0800024c   0x00000002   Code   RO         5046    .ARM.Collect$$libinit$$00000000  c_w.l(libinit.o)
    0x0800024e   0x0800024e   0x00000004   Code   RO         5051    .ARM.Collect$$libinit$$00000001  c_w.l(libinit2.o)
    0x08000252   0x08000252   0x00000000   Code   RO         5054    .ARM.Collect$$libinit$$00000004  c_w.l(libinit2.o)
    0x08000252   0x08000252   0x00000000   Code   RO         5057    .ARM.Collect$$libinit$$0000000A  c_w.l(libinit2.o)
    0x08000252   0x08000252   0x00000000   Code   RO         5059    .ARM.Collect$$libinit$$0000000C  c_w.l(libinit2.o)
    0x08000252   0x08000252   0x00000000   Code   RO         5061    .ARM.Collect$$libinit$$0000000E  c_w.l(libinit2.o)
    0x08000252   0x08000252   0x00000000   Code   RO         5064    .ARM.Collect$$libinit$$00000011  c_w.l(libinit2.o)
    0x08000252   0x08000252   0x00000000   Code   RO         5066    .ARM.Collect$$libinit$$00000013  c_w.l(libinit2.o)
    0x08000252   0x08000252   0x00000000   Code   RO         5068    .ARM.Collect$$libinit$$00000015  c_w.l(libinit2.o)
    0x08000252   0x08000252   0x00000000   Code   RO         5070    .ARM.Collect$$libinit$$00000017  c_w.l(libinit2.o)
    0x08000252   0x08000252   0x00000000   Code   RO         5072    .ARM.Collect$$libinit$$00000019  c_w.l(libinit2.o)
    0x08000252   0x08000252   0x00000000   Code   RO         5074    .ARM.Collect$$libinit$$0000001B  c_w.l(libinit2.o)
    0x08000252   0x08000252   0x00000000   Code   RO         5076    .ARM.Collect$$libinit$$0000001D  c_w.l(libinit2.o)
    0x08000252   0x08000252   0x00000000   Code   RO         5078    .ARM.Collect$$libinit$$0000001F  c_w.l(libinit2.o)
    0x08000252   0x08000252   0x00000000   Code   RO         5080    .ARM.Collect$$libinit$$00000021  c_w.l(libinit2.o)
    0x08000252   0x08000252   0x00000000   Code   RO         5082    .ARM.Collect$$libinit$$00000023  c_w.l(libinit2.o)
    0x08000252   0x08000252   0x00000000   Code   RO         5084    .ARM.Collect$$libinit$$00000025  c_w.l(libinit2.o)
    0x08000252   0x08000252   0x00000000   Code   RO         5088    .ARM.Collect$$libinit$$0000002C  c_w.l(libinit2.o)
    0x08000252   0x08000252   0x00000000   Code   RO         5090    .ARM.Collect$$libinit$$0000002E  c_w.l(libinit2.o)
    0x08000252   0x08000252   0x00000000   Code   RO         5092    .ARM.Collect$$libinit$$00000030  c_w.l(libinit2.o)
    0x08000252   0x08000252   0x00000000   Code   RO         5094    .ARM.Collect$$libinit$$00000032  c_w.l(libinit2.o)
    0x08000252   0x08000252   0x00000002   Code   RO         5095    .ARM.Collect$$libinit$$00000033  c_w.l(libinit2.o)
    0x08000254   0x08000254   0x00000002   Code   RO         5115    .ARM.Collect$$libshutdown$$00000000  c_w.l(libshutdown.o)
    0x08000256   0x08000256   0x00000000   Code   RO         5125    .ARM.Collect$$libshutdown$$00000002  c_w.l(libshutdown2.o)
    0x08000256   0x08000256   0x00000000   Code   RO         5127    .ARM.Collect$$libshutdown$$00000004  c_w.l(libshutdown2.o)
    0x08000256   0x08000256   0x00000000   Code   RO         5129    .ARM.Collect$$libshutdown$$00000006  c_w.l(libshutdown2.o)
    0x08000256   0x08000256   0x00000000   Code   RO         5132    .ARM.Collect$$libshutdown$$00000009  c_w.l(libshutdown2.o)
    0x08000256   0x08000256   0x00000000   Code   RO         5135    .ARM.Collect$$libshutdown$$0000000C  c_w.l(libshutdown2.o)
    0x08000256   0x08000256   0x00000000   Code   RO         5137    .ARM.Collect$$libshutdown$$0000000E  c_w.l(libshutdown2.o)
    0x08000256   0x08000256   0x00000000   Code   RO         5140    .ARM.Collect$$libshutdown$$00000011  c_w.l(libshutdown2.o)
    0x08000256   0x08000256   0x00000002   Code   RO         5141    .ARM.Collect$$libshutdown$$00000012  c_w.l(libshutdown2.o)
    0x08000258   0x08000258   0x00000000   Code   RO         4919    .ARM.Collect$$rtentry$$00000000  c_w.l(__rtentry.o)
    0x08000258   0x08000258   0x00000000   Code   RO         4999    .ARM.Collect$$rtentry$$00000002  c_w.l(__rtentry2.o)
    0x08000258   0x08000258   0x00000006   Code   RO         5011    .ARM.Collect$$rtentry$$00000004  c_w.l(__rtentry4.o)
    0x0800025e   0x0800025e   0x00000000   Code   RO         5001    .ARM.Collect$$rtentry$$00000009  c_w.l(__rtentry2.o)
    0x0800025e   0x0800025e   0x00000004   Code   RO         5002    .ARM.Collect$$rtentry$$0000000A  c_w.l(__rtentry2.o)
    0x08000262   0x08000262   0x00000000   Code   RO         5004    .ARM.Collect$$rtentry$$0000000C  c_w.l(__rtentry2.o)
    0x08000262   0x08000262   0x00000008   Code   RO         5005    .ARM.Collect$$rtentry$$0000000D  c_w.l(__rtentry2.o)
    0x0800026a   0x0800026a   0x00000002   Code   RO         5049    .ARM.Collect$$rtexit$$00000000  c_w.l(rtexit.o)
    0x0800026c   0x0800026c   0x00000000   Code   RO         5099    .ARM.Collect$$rtexit$$00000002  c_w.l(rtexit2.o)
    0x0800026c   0x0800026c   0x00000004   Code   RO         5100    .ARM.Collect$$rtexit$$00000003  c_w.l(rtexit2.o)
    0x08000270   0x08000270   0x00000006   Code   RO         5101    .ARM.Collect$$rtexit$$00000004  c_w.l(rtexit2.o)
    0x08000276   0x08000276   0x00000002   PAD
    0x08000278   0x08000278   0x000000b6   Code   RO         4123    .emb_text           port.o
    0x0800032e   0x0800032e   0x00000002   PAD
    0x08000330   0x08000330   0x00000040   Code   RO         1422    .text               startup_stm32f40_41xxx.o
    0x08000370   0x08000370   0x00000002   Code   RO         4790    .text               c_w.l(use_no_semi_2.o)
    0x08000372   0x08000372   0x00000002   PAD
    0x08000374   0x08000374   0x00000018   Code   RO         4796    .text               c_w.l(noretval__2printf.o)
    0x0800038c   0x0800038c   0x00000068   Code   RO         4800    .text               c_w.l(__printf.o)
    0x080003f4   0x080003f4   0x00000052   Code   RO         4802    .text               c_w.l(_printf_str.o)
    0x08000446   0x08000446   0x00000002   PAD
    0x08000448   0x08000448   0x00000078   Code   RO         4804    .text               c_w.l(_printf_dec.o)
    0x080004c0   0x080004c0   0x0000008a   Code   RO         4837    .text               c_w.l(rt_memcpy_v6.o)
    0x0800054a   0x0800054a   0x00000010   Code   RO         4839    .text               c_w.l(aeabi_memset.o)
    0x0800055a   0x0800055a   0x00000044   Code   RO         4841    .text               c_w.l(rt_memclr.o)
    0x0800059e   0x0800059e   0x0000004e   Code   RO         4843    .text               c_w.l(rt_memclr_w.o)
    0x080005ec   0x080005ec   0x00000006   Code   RO         4845    .text               c_w.l(heapauxi.o)
    0x080005f2   0x080005f2   0x00000002   Code   RO         4917    .text               c_w.l(use_no_semi.o)
    0x080005f4   0x080005f4   0x00000016   Code   RO         4920    .text               c_w.l(_rserrno.o)
    0x0800060a   0x0800060a   0x000000b2   Code   RO         4922    .text               c_w.l(_printf_intcommon.o)
    0x080006bc   0x080006bc   0x00000030   Code   RO         4924    .text               c_w.l(_printf_char_common.o)
    0x080006ec   0x080006ec   0x0000002c   Code   RO         4928    .text               c_w.l(_printf_char.o)
    0x08000718   0x08000718   0x00000024   Code   RO         4930    .text               c_w.l(_printf_char_file.o)
    0x0800073c   0x0800073c   0x00000064   Code   RO         4933    .text               c_w.l(rt_memcpy_w.o)
    0x080007a0   0x080007a0   0x00000008   Code   RO         5016    .text               c_w.l(rt_errno_addr_intlibspace.o)
    0x080007a8   0x080007a8   0x00000008   Code   RO         5020    .text               c_w.l(ferror.o)
    0x080007b0   0x080007b0   0x00000008   Code   RO         5034    .text               c_w.l(libspace.o)
    0x080007b8   0x080007b8   0x0000004a   Code   RO         5037    .text               c_w.l(sys_stackheap_outer.o)
    0x08000802   0x08000802   0x00000012   Code   RO         5039    .text               c_w.l(exit.o)
    0x08000814   0x08000814   0x00000014   Code   RO         2154    i.ADC_Cmd           stm32f4xx_adc.o
    0x08000828   0x08000828   0x0000002c   Code   RO         2155    i.ADC_CommonInit    stm32f4xx_adc.o
    0x08000854   0x08000854   0x00000006   Code   RO         2166    i.ADC_GetConversionValue  stm32f4xx_adc.o
    0x0800085a   0x0800085a   0x0000000e   Code   RO         2167    i.ADC_GetFlagStatus  stm32f4xx_adc.o
    0x08000868   0x08000868   0x0000004c   Code   RO         2174    i.ADC_Init          stm32f4xx_adc.o
    0x080008b4   0x080008b4   0x00000074   Code   RO         2179    i.ADC_RegularChannelConfig  stm32f4xx_adc.o
    0x08000928   0x08000928   0x0000000a   Code   RO         2181    i.ADC_SoftwareStartConv  stm32f4xx_adc.o
    0x08000932   0x08000932   0x00000002   PAD
    0x08000934   0x08000934   0x00000318   Code   RO         4517    i.APP_Show          show.o
    0x08000c4c   0x08000c4c   0x0000009c   Code   RO          365    i.Adc_Init          adc.o
    0x08000ce8   0x08000ce8   0x00000184   Code   RO          922    i.Along_Adjust_PID  lidar.o
    0x08000e6c   0x08000e6c   0x00000004   Code   RO         1190    i.BH1750_Init       bh1750.o
    0x08000e70   0x08000e70   0x00000248   Code   RO         4324    i.Balance_task      balance.o
    0x080010b8   0x080010b8   0x00000002   Code   RO          249    i.BusFault_Handler  stm32f4xx_it.o
    0x080010ba   0x080010ba   0x00000002   PAD
    0x080010bc   0x080010bc   0x00000040   Code   RO          582    i.Buzzer_Init       led.o
    0x080010fc   0x080010fc   0x00000032   Code   RO         1191    i.Cmd_Write_BH1750  bh1750.o
    0x0800112e   0x0800112e   0x00000002   PAD
    0x08001130   0x08001130   0x00000064   Code   RO         1192    i.Convert_BH1750    bh1750.o
    0x08001194   0x08001194   0x00000028   Code   RO         1088    i.DHT11_GPIO_Init_IN  dht11.o
    0x080011bc   0x080011bc   0x00000034   Code   RO         1089    i.DHT11_GPIO_Init_OUT  dht11.o
    0x080011f0   0x080011f0   0x00000168   Code   RO         1090    i.DHT11_REC_Data    dht11.o
    0x08001358   0x08001358   0x00000050   Code   RO         1091    i.DHT11_Rec_Byte    dht11.o
    0x080013a8   0x080013a8   0x00000044   Code   RO         1092    i.DHT11_Start       dht11.o
    0x080013ec   0x080013ec   0x00000002   Code   RO          250    i.DebugMon_Handler  stm32f4xx_it.o
    0x080013ee   0x080013ee   0x0000000a   Code   RO          366    i.Dly_us            adc.o
    0x080013f8   0x080013f8   0x0000036c   Code   RO         4326    i.Drive_Motor       balance.o
    0x08001764   0x08001764   0x00000030   Code   RO          631    i.Enable_Pin        motor.o
    0x08001794   0x08001794   0x000000dc   Code   RO          456    i.Encoder_Init_TIM2  encoder.o
    0x08001870   0x08001870   0x000000bc   Code   RO          457    i.Encoder_Init_TIM3  encoder.o
    0x0800192c   0x0800192c   0x000000bc   Code   RO          458    i.Encoder_Init_TIM4  encoder.o
    0x080019e8   0x080019e8   0x000000bc   Code   RO          459    i.Encoder_Init_TIM5  encoder.o
    0x08001aa4   0x08001aa4   0x000000f8   Code   RO          367    i.Find_CCD_Median   adc.o
    0x08001b9c   0x08001b9c   0x00000078   Code   RO         1473    i.GPIO_Init         stm32f4xx_gpio.o
    0x08001c14   0x08001c14   0x00000020   Code   RO         1474    i.GPIO_PinAFConfig  stm32f4xx_gpio.o
    0x08001c34   0x08001c34   0x0000000e   Code   RO         1477    i.GPIO_ReadInputDataBit  stm32f4xx_gpio.o
    0x08001c42   0x08001c42   0x00000004   Code   RO         1480    i.GPIO_ResetBits    stm32f4xx_gpio.o
    0x08001c46   0x08001c46   0x00000004   Code   RO         1481    i.GPIO_SetBits      stm32f4xx_gpio.o
    0x08001c4a   0x08001c4a   0x0000000a   Code   RO         1485    i.GPIO_WriteBit     stm32f4xx_gpio.o
    0x08001c54   0x08001c54   0x00000030   Code   RO          368    i.Get_Adc           adc.o
    0x08001c84   0x08001c84   0x000001bc   Code   RO         4327    i.Get_RC            balance.o
    0x08001e40   0x08001e40   0x00000114   Code   RO         4328    i.Get_RC_CCD        balance.o
    0x08001f54   0x08001f54   0x0000010c   Code   RO         4329    i.Get_RC_OPENMV     balance.o
    0x08002060   0x08002060   0x00000108   Code   RO         4330    i.Get_Velocity_Form_Encoder  balance.o
    0x08002168   0x08002168   0x00000068   Code   RO          370    i.Get_battery_volt  adc.o
    0x080021d0   0x080021d0   0x0000005c   Code   RO         4331    i.Get_environment   balance.o
    0x0800222c   0x0800222c   0x00000002   Code   RO          251    i.HardFault_Handler  stm32f4xx_it.o
    0x0800222e   0x0800222e   0x00000002   PAD
    0x08002230   0x08002230   0x00000040   Code   RO         4568    i.I2C_GPIOInit      i2c.o
    0x08002270   0x08002270   0x0000004c   Code   RO         1193    i.IICC_Ack          bh1750.o
    0x080022bc   0x080022bc   0x00000070   Code   RO         1194    i.IICC_Init         bh1750.o
    0x0800232c   0x0800232c   0x0000004c   Code   RO         1195    i.IICC_NAck         bh1750.o
    0x08002378   0x08002378   0x00000074   Code   RO         1196    i.IICC_Read_Byte    bh1750.o
    0x080023ec   0x080023ec   0x0000006c   Code   RO         1197    i.IICC_Send_Byte    bh1750.o
    0x08002458   0x08002458   0x00000050   Code   RO         1198    i.IICC_Start        bh1750.o
    0x080024a8   0x080024a8   0x00000054   Code   RO         1199    i.IICC_Stop         bh1750.o
    0x080024fc   0x080024fc   0x0000006c   Code   RO         1200    i.IICC_Wait_Ack     bh1750.o
    0x08002568   0x08002568   0x0000007c   Code   RO         4332    i.Incremental_PI_A  balance.o
    0x080025e4   0x080025e4   0x0000007c   Code   RO         4333    i.Incremental_PI_B  balance.o
    0x08002660   0x08002660   0x0000007c   Code   RO         4334    i.Incremental_PI_C  balance.o
    0x080026dc   0x080026dc   0x0000007c   Code   RO         4335    i.Incremental_PI_D  balance.o
    0x08002758   0x08002758   0x0000002c   Code   RO          525    i.KEY_Init          key.o
    0x08002784   0x08002784   0x00000040   Code   RO          583    i.LED_Init          led.o
    0x080027c4   0x080027c4   0x000000dc   Code   RO          925    i.LIDAR_USART_Init  lidar.o
    0x080028a0   0x080028a0   0x00000128   Code   RO         4336    i.Lidar_Avoid       balance.o
    0x080029c8   0x080029c8   0x000000e8   Code   RO         4338    i.Lidar_along_wall  balance.o
    0x08002ab0   0x08002ab0   0x00000090   Code   RO         4339    i.Limit_Pwm         balance.o
    0x08002b40   0x08002b40   0x00000078   Code   RO         1148    i.MQ2_Init          mq2.o
    0x08002bb8   0x08002bb8   0x000000c0   Code   RO         1149    i.MeasureAirQuality  mq2.o
    0x08002c78   0x08002c78   0x00000002   Code   RO          252    i.MemManage_Handler  stm32f4xx_it.o
    0x08002c7a   0x08002c7a   0x00000002   PAD
    0x08002c7c   0x08002c7c   0x000000a0   Code   RO          632    i.MiniBalance_PWM11_Init  motor.o
    0x08002d1c   0x08002d1c   0x000000f8   Code   RO          633    i.MiniBalance_PWM1_Init  motor.o
    0x08002e14   0x08002e14   0x000000b8   Code   RO          634    i.MiniBalance_PWM9_Init  motor.o
    0x08002ecc   0x08002ecc   0x000000a0   Code   RO          635    i.MiniBalance_PWM_Init  motor.o
    0x08002f6c   0x08002f6c   0x00000002   Code   RO          253    i.NMI_Handler       stm32f4xx_it.o
    0x08002f6e   0x08002f6e   0x00000002   PAD
    0x08002f70   0x08002f70   0x00000064   Code   RO         1428    i.NVIC_Init         misc.o
    0x08002fd4   0x08002fd4   0x00000014   Code   RO         1429    i.NVIC_PriorityGroupConfig  misc.o
    0x08002fe8   0x08002fe8   0x0000002c   Code   RO          681    i.OLED_Clear        oled.o
    0x08003014   0x08003014   0x0000003c   Code   RO          684    i.OLED_DrawPoint    oled.o
    0x08003050   0x08003050   0x00000032   Code   RO         4518    i.OLED_DrawPoint_Shu  show.o
    0x08003082   0x08003082   0x00000002   PAD
    0x08003084   0x08003084   0x00000130   Code   RO          685    i.OLED_Init         oled.o
    0x080031b4   0x080031b4   0x00000048   Code   RO          686    i.OLED_Refresh_Gram  oled.o
    0x080031fc   0x080031fc   0x00000084   Code   RO          689    i.OLED_ShowChar     oled.o
    0x08003280   0x08003280   0x00000098   Code   RO          691    i.OLED_ShowFloat_1  oled.o
    0x08003318   0x08003318   0x00000078   Code   RO          692    i.OLED_ShowNumber   oled.o
    0x08003390   0x08003390   0x0000003e   Code   RO          693    i.OLED_ShowString   oled.o
    0x080033ce   0x080033ce   0x00000002   PAD
    0x080033d0   0x080033d0   0x00000034   Code   RO         4519    i.OLED_Show_CCD     show.o
    0x08003404   0x08003404   0x00000044   Code   RO          694    i.OLED_WR_Byte      oled.o
    0x08003448   0x08003448   0x000000bc   Code   RO          371    i.OPENMV_Init       adc.o
    0x08003504   0x08003504   0x0000000c   Code   RO         3100    i.PWR_BackupAccessCmd  stm32f4xx_pwr.o
    0x08003510   0x08003510   0x00000018   Code   RO         1570    i.RCC_AHB1PeriphClockCmd  stm32f4xx_rcc.o
    0x08003528   0x08003528   0x00000018   Code   RO         1575    i.RCC_AHB2PeriphResetCmd  stm32f4xx_rcc.o
    0x08003540   0x08003540   0x00000018   Code   RO         1579    i.RCC_APB1PeriphClockCmd  stm32f4xx_rcc.o
    0x08003558   0x08003558   0x00000018   Code   RO         1581    i.RCC_APB1PeriphResetCmd  stm32f4xx_rcc.o
    0x08003570   0x08003570   0x00000018   Code   RO         1582    i.RCC_APB2PeriphClockCmd  stm32f4xx_rcc.o
    0x08003588   0x08003588   0x00000018   Code   RO         1584    i.RCC_APB2PeriphResetCmd  stm32f4xx_rcc.o
    0x080035a0   0x080035a0   0x00000090   Code   RO         1591    i.RCC_GetClocksFreq  stm32f4xx_rcc.o
    0x08003630   0x08003630   0x0000001c   Code   RO         1600    i.RCC_LSEConfig     stm32f4xx_rcc.o
    0x0800364c   0x0800364c   0x0000009c   Code   RO          372    i.RD_TSL            adc.o
    0x080036e8   0x080036e8   0x00000038   Code   RO         1201    i.Read_BH1750       bh1750.o
    0x08003720   0x08003720   0x00000040   Code   RO          460    i.Read_Encoder      encoder.o
    0x08003760   0x08003760   0x00000088   Code   RO         4488    i.Robot_Init        robot_select_init.o
    0x080037e8   0x080037e8   0x00000034   Code   RO         4489    i.Robot_Select      robot_select_init.o
    0x0800381c   0x0800381c   0x00000028   Code   RO         1202    i.SDAC_IN           bh1750.o
    0x08003844   0x08003844   0x00000028   Code   RO         1203    i.SDAC_OUT          bh1750.o
    0x0800386c   0x0800386c   0x000000b0   Code   RO          636    i.Servo_PWM_Init    motor.o
    0x0800391c   0x0800391c   0x000000b4   Code   RO          328    i.SetSysClock       system_stm32f4xx.o
    0x080039d0   0x080039d0   0x00000074   Code   RO         4340    i.Set_Pwm           balance.o
    0x08003a44   0x08003a44   0x00000140   Code   RO         4341    i.Smooth_control    balance.o
    0x08003b84   0x08003b84   0x00000018   Code   RO         1204    i.Start_BH1750      bh1750.o
    0x08003b9c   0x08003b9c   0x00000018   Code   RO         1432    i.SysTick_CLKSourceConfig  misc.o
    0x08003bb4   0x08003bb4   0x00000014   Code   RO         1300    i.SysTick_Handler   delay.o
    0x08003bc8   0x08003bc8   0x0000005c   Code   RO          330    i.SystemInit        system_stm32f4xx.o
    0x08003c24   0x08003c24   0x0000002e   Code   RO         2553    i.TI1_Config        stm32f4xx_tim.o
    0x08003c52   0x08003c52   0x00000036   Code   RO         2554    i.TI2_Config        stm32f4xx_tim.o
    0x08003c88   0x08003c88   0x00000010   Code   RO          461    i.TIM2_IRQHandler   encoder.o
    0x08003c98   0x08003c98   0x00000014   Code   RO          462    i.TIM3_IRQHandler   encoder.o
    0x08003cac   0x08003cac   0x00000014   Code   RO          463    i.TIM4_IRQHandler   encoder.o
    0x08003cc0   0x08003cc0   0x00000014   Code   RO          464    i.TIM5_IRQHandler   encoder.o
    0x08003cd4   0x08003cd4   0x00000014   Code   RO         2555    i.TIM_ARRPreloadConfig  stm32f4xx_tim.o
    0x08003ce8   0x08003ce8   0x00000006   Code   RO         2561    i.TIM_ClearFlag     stm32f4xx_tim.o
    0x08003cee   0x08003cee   0x00000014   Code   RO         2567    i.TIM_Cmd           stm32f4xx_tim.o
    0x08003d02   0x08003d02   0x00000016   Code   RO         2569    i.TIM_CtrlPWMOutputs  stm32f4xx_tim.o
    0x08003d18   0x08003d18   0x00000032   Code   RO         2576    i.TIM_EncoderInterfaceConfig  stm32f4xx_tim.o
    0x08003d4a   0x08003d4a   0x000000ac   Code   RO         2590    i.TIM_ICInit        stm32f4xx_tim.o
    0x08003df6   0x08003df6   0x00000010   Code   RO         2591    i.TIM_ICStructInit  stm32f4xx_tim.o
    0x08003e06   0x08003e06   0x00000010   Code   RO         2592    i.TIM_ITConfig      stm32f4xx_tim.o
    0x08003e16   0x08003e16   0x00000002   PAD
    0x08003e18   0x08003e18   0x00000060   Code   RO         2596    i.TIM_OC1Init       stm32f4xx_tim.o
    0x08003e78   0x08003e78   0x0000000c   Code   RO         2599    i.TIM_OC1PreloadConfig  stm32f4xx_tim.o
    0x08003e84   0x08003e84   0x00000080   Code   RO         2601    i.TIM_OC2Init       stm32f4xx_tim.o
    0x08003f04   0x08003f04   0x00000014   Code   RO         2604    i.TIM_OC2PreloadConfig  stm32f4xx_tim.o
    0x08003f18   0x08003f18   0x0000007c   Code   RO         2606    i.TIM_OC3Init       stm32f4xx_tim.o
    0x08003f94   0x08003f94   0x0000000c   Code   RO         2609    i.TIM_OC3PreloadConfig  stm32f4xx_tim.o
    0x08003fa0   0x08003fa0   0x00000060   Code   RO         2611    i.TIM_OC4Init       stm32f4xx_tim.o
    0x08004000   0x08004000   0x00000014   Code   RO         2613    i.TIM_OC4PreloadConfig  stm32f4xx_tim.o
    0x08004014   0x08004014   0x00000004   Code   RO         2633    i.TIM_SetCounter    stm32f4xx_tim.o
    0x08004018   0x08004018   0x00000010   Code   RO         2634    i.TIM_SetIC1Prescaler  stm32f4xx_tim.o
    0x08004028   0x08004028   0x00000018   Code   RO         2635    i.TIM_SetIC2Prescaler  stm32f4xx_tim.o
    0x08004040   0x08004040   0x00000010   Code   RO         2636    i.TIM_SetIC3Prescaler  stm32f4xx_tim.o
    0x08004050   0x08004050   0x00000018   Code   RO         2637    i.TIM_SetIC4Prescaler  stm32f4xx_tim.o
    0x08004068   0x08004068   0x0000007c   Code   RO         2639    i.TIM_TimeBaseInit  stm32f4xx_tim.o
    0x080040e4   0x080040e4   0x00000012   Code   RO         2640    i.TIM_TimeBaseStructInit  stm32f4xx_tim.o
    0x080040f6   0x080040f6   0x00000002   PAD
    0x080040f8   0x080040f8   0x00000024   Code   RO         4342    i.Turn_Off          balance.o
    0x0800411c   0x0800411c   0x00000174   Code   RO          926    i.UART5_IRQHandler  lidar.o
    0x08004290   0x08004290   0x00000020   Code   RO          792    i.USART1_IRQHandler  usartx.o
    0x080042b0   0x080042b0   0x00000328   Code   RO          793    i.USART2_IRQHandler  usartx.o
    0x080045d8   0x080045d8   0x0000013c   Code   RO          794    i.USART3_IRQHandler  usartx.o
    0x08004714   0x08004714   0x00000006   Code   RO         1960    i.USART_ClearFlag   stm32f4xx_usart.o
    0x0800471a   0x0800471a   0x0000000c   Code   RO         1961    i.USART_ClearITPendingBit  stm32f4xx_usart.o
    0x08004726   0x08004726   0x00000014   Code   RO         1964    i.USART_Cmd         stm32f4xx_usart.o
    0x0800473a   0x0800473a   0x00000002   PAD
    0x0800473c   0x0800473c   0x000000ac   Code   RO         1966    i.USART_DeInit      stm32f4xx_usart.o
    0x080047e8   0x080047e8   0x0000003e   Code   RO         1968    i.USART_GetITStatus  stm32f4xx_usart.o
    0x08004826   0x08004826   0x00000030   Code   RO         1970    i.USART_ITConfig    stm32f4xx_usart.o
    0x08004856   0x08004856   0x00000002   PAD
    0x08004858   0x08004858   0x000000ac   Code   RO         1971    i.USART_Init        stm32f4xx_usart.o
    0x08004904   0x08004904   0x00000008   Code   RO         1978    i.USART_ReceiveData  stm32f4xx_usart.o
    0x0800490c   0x0800490c   0x00000002   Code   RO          254    i.UsageFault_Handler  stm32f4xx_it.o
    0x0800490e   0x0800490e   0x00000030   Code   RO         4970    i.__ARM_fpclassify  m_wm.l(fpclassify.o)
    0x0800493e   0x0800493e   0x00000002   PAD
    0x08004940   0x08004940   0x00000c50   Code   RO         4891    i.__hardfp_pow      m_wm.l(pow.o)
    0x08005590   0x08005590   0x00000080   Code   RO         4905    i.__hardfp_tan      m_wm.l(tan.o)
    0x08005610   0x08005610   0x00000438   Code   RO         4975    i.__ieee754_rem_pio2  m_wm.l(rred.o)
    0x08005a48   0x08005a48   0x000000f8   Code   RO         4972    i.__kernel_poly     m_wm.l(poly.o)
    0x08005b40   0x08005b40   0x00000350   Code   RO         4992    i.__kernel_tan      m_wm.l(tan_i.o)
    0x08005e90   0x08005e90   0x00000030   Code   RO         4950    i.__mathlib_dbl_divzero  m_wm.l(dunder.o)
    0x08005ec0   0x08005ec0   0x00000014   Code   RO         4951    i.__mathlib_dbl_infnan  m_wm.l(dunder.o)
    0x08005ed4   0x08005ed4   0x00000014   Code   RO         4952    i.__mathlib_dbl_infnan2  m_wm.l(dunder.o)
    0x08005ee8   0x08005ee8   0x00000020   Code   RO         4953    i.__mathlib_dbl_invalid  m_wm.l(dunder.o)
    0x08005f08   0x08005f08   0x00000020   Code   RO         4954    i.__mathlib_dbl_overflow  m_wm.l(dunder.o)
    0x08005f28   0x08005f28   0x00000020   Code   RO         4956    i.__mathlib_dbl_underflow  m_wm.l(dunder.o)
    0x08005f48   0x08005f48   0x00000002   Code   RO         1374    i._sys_exit         usart.o
    0x08005f4a   0x08005f4a   0x00000002   PAD
    0x08005f4c   0x08005f4c   0x00000028   Code   RO          373    i.adc_task          adc.o
    0x08005f74   0x08005f74   0x000000bc   Code   RO          374    i.ccd_Init          adc.o
    0x08006030   0x08006030   0x0000008c   Code   RO          529    i.click_N_Double    key.o
    0x080060bc   0x080060bc   0x0000011c   Code   RO          927    i.data_process      lidar.o
    0x080061d8   0x080061d8   0x00000038   Code   RO         1301    i.delay_init        delay.o
    0x08006210   0x08006210   0x00000038   Code   RO         1302    i.delay_ms          delay.o
    0x08006248   0x08006248   0x00000034   Code   RO         1303    i.delay_us          delay.o
    0x0800627c   0x0800627c   0x00000018   Code   RO         4966    i.fabs              m_wm.l(fabs.o)
    0x08006294   0x08006294   0x00000010   Code   RO         4343    i.float_abs         balance.o
    0x080062a4   0x080062a4   0x00000018   Code   RO         1375    i.fputc             usart.o
    0x080062bc   0x080062bc   0x0000001c   Code   RO         1305    i.getSysTickCnt     delay.o
    0x080062d8   0x080062d8   0x00000020   Code   RO          585    i.led_task          led.o
    0x080062f8   0x080062f8   0x00000038   Code   RO            3    i.main              main.o
    0x08006330   0x08006330   0x00000008   Code   RO         4344    i.myabs             balance.o
    0x08006338   0x08006338   0x00000010   Code   RO          695    i.oled_pow          oled.o
    0x08006348   0x08006348   0x00000a84   Code   RO         4520    i.oled_show         show.o
    0x08006dcc   0x08006dcc   0x00000070   Code   RO         3642    i.prvAddCurrentTaskToDelayedList  tasks.o
    0x08006e3c   0x08006e3c   0x000000d0   Code   RO         3643    i.prvAddNewTaskToReadyList  tasks.o
    0x08006f0c   0x08006f0c   0x00000050   Code   RO         3995    i.prvCheckForValidListAndQueue  timers.o
    0x08006f5c   0x08006f5c   0x00000054   Code   RO         3644    i.prvCheckTasksWaitingTermination  tasks.o
    0x08006fb0   0x08006fb0   0x00000026   Code   RO         3419    i.prvCopyDataFromQueue  queue.o
    0x08006fd6   0x08006fd6   0x0000006c   Code   RO         3420    i.prvCopyDataToQueue  queue.o
    0x08007042   0x08007042   0x00000014   Code   RO         3645    i.prvDeleteTCB      tasks.o
    0x08007056   0x08007056   0x00000002   PAD
    0x08007058   0x08007058   0x0000004c   Code   RO         4208    i.prvHeapInit       heap_4.o
    0x080070a4   0x080070a4   0x00000028   Code   RO         3646    i.prvIdleTask       tasks.o
    0x080070cc   0x080070cc   0x000000c0   Code   RO         3647    i.prvInitialiseNewTask  tasks.o
    0x0800718c   0x0800718c   0x0000004c   Code   RO         4209    i.prvInsertBlockIntoFreeList  heap_4.o
    0x080071d8   0x080071d8   0x00000038   Code   RO         3996    i.prvInsertTimerInActiveList  timers.o
    0x08007210   0x08007210   0x0000001a   Code   RO         3421    i.prvIsQueueEmpty   queue.o
    0x0800722a   0x0800722a   0x00000002   PAD
    0x0800722c   0x0800722c   0x00000090   Code   RO         3422    i.prvNotifyQueueSetContainer  queue.o
    0x080072bc   0x080072bc   0x00000060   Code   RO         3997    i.prvProcessExpiredTimer  timers.o
    0x0800731c   0x0800731c   0x000000f0   Code   RO         3998    i.prvProcessReceivedCommands  timers.o
    0x0800740c   0x0800740c   0x0000006c   Code   RO         3999    i.prvProcessTimerOrBlockTask  timers.o
    0x08007478   0x08007478   0x00000020   Code   RO         3649    i.prvResetNextTaskUnblockTime  tasks.o
    0x08007498   0x08007498   0x00000028   Code   RO         4000    i.prvSampleTimeNow  timers.o
    0x080074c0   0x080074c0   0x0000006c   Code   RO         4001    i.prvSwitchTimerLists  timers.o
    0x0800752c   0x0800752c   0x00000064   Code   RO         4124    i.prvTaskExitError  port.o
    0x08007590   0x08007590   0x00000028   Code   RO         4002    i.prvTimerTask      timers.o
    0x080075b8   0x080075b8   0x00000078   Code   RO         3423    i.prvUnlockQueue    queue.o
    0x08007630   0x08007630   0x00000114   Code   RO         4210    i.pvPortMalloc      heap_4.o
    0x08007744   0x08007744   0x00000018   Code   RO         3651    i.pvTaskIncrementMutexHeldCount  tasks.o
    0x0800775c   0x0800775c   0x0000002c   Code   RO         4125    i.pxPortInitialiseStack  port.o
    0x08007788   0x08007788   0x00000128   Code   RO         4521    i.show_task         show.o
    0x080078b0   0x080078b0   0x0000006e   Code   RO         4982    i.sqrt              m_wm.l(sqrt.o)
    0x0800791e   0x0800791e   0x00000002   PAD
    0x08007920   0x08007920   0x000000ac   Code   RO            4    i.start_task        main.o
    0x080079cc   0x080079cc   0x000000a0   Code   RO         4265    i.systemInit        system.o
    0x08007a6c   0x08007a6c   0x00000020   Code   RO         4345    i.target_limit_float  balance.o
    0x08007a8c   0x08007a8c   0x00000010   Code   RO         4346    i.target_limit_int  balance.o
    0x08007a9c   0x08007a9c   0x000000ac   Code   RO          797    i.uart1_init        usartx.o
    0x08007b48   0x08007b48   0x000000a8   Code   RO          798    i.uart2_init        usartx.o
    0x08007bf0   0x08007bf0   0x000000b4   Code   RO          799    i.uart3_init        usartx.o
    0x08007ca4   0x08007ca4   0x00000024   Code   RO         3374    i.uxListRemove      list.o
    0x08007cc8   0x08007cc8   0x00000016   Code   RO         3375    i.vListInitialise   list.o
    0x08007cde   0x08007cde   0x00000006   Code   RO         3376    i.vListInitialiseItem  list.o
    0x08007ce4   0x08007ce4   0x00000030   Code   RO         3377    i.vListInsert       list.o
    0x08007d14   0x08007d14   0x00000018   Code   RO         3378    i.vListInsertEnd    list.o
    0x08007d2c   0x08007d2c   0x00000078   Code   RO         4127    i.vPortEnterCritical  port.o
    0x08007da4   0x08007da4   0x00000064   Code   RO         4128    i.vPortExitCritical  port.o
    0x08007e08   0x08007e08   0x0000009c   Code   RO         4211    i.vPortFree         heap_4.o
    0x08007ea4   0x08007ea4   0x00000020   Code   RO         4129    i.vPortSetupTimerInterrupt  port.o
    0x08007ec4   0x08007ec4   0x0000008c   Code   RO         4130    i.vPortValidateInterruptPriority  port.o
    0x08007f50   0x08007f50   0x00000024   Code   RO         3429    i.vQueueAddToRegistry  queue.o
    0x08007f74   0x08007f74   0x00000044   Code   RO         3433    i.vQueueWaitForMessageRestricted  queue.o
    0x08007fb8   0x08007fb8   0x0000006c   Code   RO         3659    i.vTaskDelay        tasks.o
    0x08008024   0x08008024   0x000000ac   Code   RO         3660    i.vTaskDelayUntil   tasks.o
    0x080080d0   0x080080d0   0x000000cc   Code   RO         3661    i.vTaskDelete       tasks.o
    0x0800819c   0x0800819c   0x0000000c   Code   RO         3665    i.vTaskMissedYield  tasks.o
    0x080081a8   0x080081a8   0x00000054   Code   RO         3667    i.vTaskPlaceOnEventList  tasks.o
    0x080081fc   0x080081fc   0x0000005c   Code   RO         3668    i.vTaskPlaceOnEventListRestricted  tasks.o
    0x08008258   0x08008258   0x00000084   Code   RO         3670    i.vTaskPriorityInherit  tasks.o
    0x080082dc   0x080082dc   0x00000048   Code   RO         3674    i.vTaskSetTimeOutState  tasks.o
    0x08008324   0x08008324   0x00000094   Code   RO         3675    i.vTaskStartScheduler  tasks.o
    0x080083b8   0x080083b8   0x00000010   Code   RO         3677    i.vTaskSuspendAll   tasks.o
    0x080083c8   0x080083c8   0x0000007c   Code   RO         3678    i.vTaskSwitchContext  tasks.o
    0x08008444   0x08008444   0x00000114   Code   RO         4131    i.xPortStartScheduler  port.o
    0x08008558   0x08008558   0x0000002c   Code   RO         4132    i.xPortSysTickHandler  port.o
    0x08008584   0x08008584   0x00000078   Code   RO         3438    i.xQueueGenericCreate  queue.o
    0x080085fc   0x080085fc   0x00000184   Code   RO         3439    i.xQueueGenericReceive  queue.o
    0x08008780   0x08008780   0x000000a8   Code   RO         3440    i.xQueueGenericReset  queue.o
    0x08008828   0x08008828   0x00000188   Code   RO         3441    i.xQueueGenericSend  queue.o
    0x080089b0   0x080089b0   0x000000e0   Code   RO         3442    i.xQueueGenericSendFromISR  queue.o
    0x08008a90   0x08008a90   0x00000088   Code   RO         3679    i.xTaskCheckForTimeOut  tasks.o
    0x08008b18   0x08008b18   0x00000056   Code   RO         3680    i.xTaskCreate       tasks.o
    0x08008b6e   0x08008b6e   0x00000002   PAD
    0x08008b70   0x08008b70   0x0000001c   Code   RO         3684    i.xTaskGetSchedulerState  tasks.o
    0x08008b8c   0x08008b8c   0x0000000c   Code   RO         3685    i.xTaskGetTickCount  tasks.o
    0x08008b98   0x08008b98   0x000000e8   Code   RO         3687    i.xTaskIncrementTick  tasks.o
    0x08008c80   0x08008c80   0x000000b4   Code   RO         3690    i.xTaskPriorityDisinherit  tasks.o
    0x08008d34   0x08008d34   0x00000098   Code   RO         3691    i.xTaskRemoveFromEventList  tasks.o
    0x08008dcc   0x08008dcc   0x000000e4   Code   RO         3693    i.xTaskResumeAll    tasks.o
    0x08008eb0   0x08008eb0   0x00000074   Code   RO         4005    i.xTimerCreate      timers.o
    0x08008f24   0x08008f24   0x00000074   Code   RO         4006    i.xTimerCreateTimerTask  timers.o
    0x08008f98   0x08008f98   0x00000090   Code   RO         4007    i.xTimerGenericCommand  timers.o
    0x08009028   0x08009028   0x00000018   Code   RO         4935    x$fpl$basic         fz_wm.l(basic.o)
    0x08009040   0x08009040   0x00000062   Code   RO         4849    x$fpl$d2f           fz_wm.l(d2f.o)
    0x080090a2   0x080090a2   0x00000002   PAD
    0x080090a4   0x080090a4   0x00000150   Code   RO         4851    x$fpl$dadd          fz_wm.l(daddsub_clz.o)
    0x080091f4   0x080091f4   0x00000010   Code   RO         5024    x$fpl$dcheck1       fz_wm.l(dcheck1.o)
    0x08009204   0x08009204   0x00000018   Code   RO         5026    x$fpl$dcmpinf       fz_wm.l(dcmpi.o)
    0x0800921c   0x0800921c   0x000002b0   Code   RO         4858    x$fpl$ddiv          fz_wm.l(ddiv.o)
    0x080094cc   0x080094cc   0x0000005e   Code   RO         5028    x$fpl$dfix          fz_wm.l(dfix.o)
    0x0800952a   0x0800952a   0x00000002   PAD
    0x0800952c   0x0800952c   0x0000005a   Code   RO         4861    x$fpl$dfixu         fz_wm.l(dfixu.o)
    0x08009586   0x08009586   0x0000002e   Code   RO         4866    x$fpl$dflt          fz_wm.l(dflt_clz.o)
    0x080095b4   0x080095b4   0x00000026   Code   RO         4865    x$fpl$dfltu         fz_wm.l(dflt_clz.o)
    0x080095da   0x080095da   0x00000002   PAD
    0x080095dc   0x080095dc   0x00000078   Code   RO         4937    x$fpl$dleqf         fz_wm.l(dleqf.o)
    0x08009654   0x08009654   0x00000154   Code   RO         4871    x$fpl$dmul          fz_wm.l(dmul.o)
    0x080097a8   0x080097a8   0x0000009c   Code   RO         4939    x$fpl$dnaninf       fz_wm.l(dnaninf.o)
    0x08009844   0x08009844   0x0000000c   Code   RO         4941    x$fpl$dretinf       fz_wm.l(dretinf.o)
    0x08009850   0x08009850   0x0000006c   Code   RO         4873    x$fpl$drleqf        fz_wm.l(drleqf.o)
    0x080098bc   0x080098bc   0x00000016   Code   RO         4852    x$fpl$drsb          fz_wm.l(daddsub_clz.o)
    0x080098d2   0x080098d2   0x00000002   PAD
    0x080098d4   0x080098d4   0x00000198   Code   RO         5032    x$fpl$dsqrt         fz_wm.l(dsqrt_umaal.o)
    0x08009a6c   0x08009a6c   0x000001d4   Code   RO         4853    x$fpl$dsub          fz_wm.l(daddsub_clz.o)
    0x08009c40   0x08009c40   0x00000056   Code   RO         4875    x$fpl$f2d           fz_wm.l(f2d.o)
    0x08009c96   0x08009c96   0x0000008c   Code   RO         4943    x$fpl$fnaninf       fz_wm.l(fnaninf.o)
    0x08009d22   0x08009d22   0x0000000a   Code   RO         5107    x$fpl$fpinit        fz_wm.l(fpinit.o)
    0x08009d2c   0x08009d2c   0x0000000a   Code   RO         4945    x$fpl$fretinf       fz_wm.l(fretinf.o)
    0x08009d36   0x08009d36   0x00000064   Code   RO         5047    x$fpl$retnan        fz_wm.l(retnan.o)
    0x08009d9a   0x08009d9a   0x0000005c   Code   RO         4947    x$fpl$scalbn        fz_wm.l(scalbn.o)
    0x08009df6   0x08009df6   0x00000030   Code   RO         5096    x$fpl$trapveneer    fz_wm.l(trapv.o)
    0x08009e26   0x08009e26   0x00000000   Code   RO         4949    x$fpl$usenofp       fz_wm.l(usenofp.o)
    0x08009e26   0x08009e26   0x000014a4   Data   RO          697    .constdata          oled.o
    0x0800b2ca   0x0800b2ca   0x00000006   PAD
    0x0800b2d0   0x0800b2d0   0x00000088   Data   RO         4894    .constdata          m_wm.l(pow.o)
    0x0800b358   0x0800b358   0x00000008   Data   RO         4974    .constdata          m_wm.l(qnan.o)
    0x0800b360   0x0800b360   0x000000c8   Data   RO         4977    .constdata          m_wm.l(rred.o)
    0x0800b428   0x0800b428   0x00000060   Data   RO         4993    .constdata          m_wm.l(tan_i.o)
    0x0800b488   0x0800b488   0x00000020   Data   RO         5173    Region$$Table       anon$$obj.o


    Execution Region RW_IRAM1 (Exec base: 0x20000000, Load base: 0x0800b4a8, Size: 0x000087c8, Max: 0x00020000, ABSOLUTE, COMPRESSED[0x00000098])

    Exec Addr    Load Addr    Size         Type   Attr      Idx    E Section Name        Object

    0x20000000   COMPRESSED   0x00000004   Data   RW            5    .data               main.o
    0x20000004   COMPRESSED   0x00000014   Data   RW          331    .data               system_stm32f4xx.o
    0x20000018   COMPRESSED   0x00000012   Data   RW          377    .data               adc.o
    0x2000002a   COMPRESSED   0x00000002   PAD
    0x2000002c   COMPRESSED   0x00000004   Data   RW          378    .data               adc.o
    0x20000030   COMPRESSED   0x00000004   Data   RW          380    .data               adc.o
    0x20000034   COMPRESSED   0x00000014   Data   RW          531    .data               key.o
    0x20000048   COMPRESSED   0x00000008   Data   RW          586    .data               led.o
    0x20000050   COMPRESSED   0x00000004   Data   RW          807    .data               usartx.o
    0x20000054   COMPRESSED   0x00000004   Data   RW          808    .data               usartx.o
    0x20000058   COMPRESSED   0x0000001f   Data   RW          809    .data               usartx.o
    0x20000077   COMPRESSED   0x00000001   PAD
    0x20000078   COMPRESSED   0x00000004   Data   RW          810    .data               usartx.o
    0x2000007c   COMPRESSED   0x0000008c   Data   RW          930    .data               lidar.o
    0x20000108   COMPRESSED   0x00000004   Data   RW         1094    .data               dht11.o
    0x2000010c   COMPRESSED   0x00000008   Data   RW         1150    .data               mq2.o
    0x20000114   COMPRESSED   0x00000004   Data   RW         1206    .data               bh1750.o
    0x20000118   COMPRESSED   0x00000008   Data   RW         1306    .data               delay.o
    0x20000120   COMPRESSED   0x00000004   Data   RW         1379    .data               usart.o
    0x20000124   COMPRESSED   0x00000010   Data   RW         1623    .data               stm32f4xx_rcc.o
    0x20000134   COMPRESSED   0x0000003c   Data   RW         3696    .data               tasks.o
    0x20000170   COMPRESSED   0x00000014   Data   RW         4015    .data               timers.o
    0x20000184   COMPRESSED   0x0000000c   Data   RW         4133    .data               port.o
    0x20000190   COMPRESSED   0x00000018   Data   RW         4216    .data               heap_4.o
    0x200001a8   COMPRESSED   0x00000001   Data   RW         4271    .data               system.o
    0x200001a9   COMPRESSED   0x00000001   Data   RW         4272    .data               system.o
    0x200001aa   COMPRESSED   0x00000002   PAD
    0x200001ac   COMPRESSED   0x00000004   Data   RW         4273    .data               system.o
    0x200001b0   COMPRESSED   0x00000004   Data   RW         4274    .data               system.o
    0x200001b4   COMPRESSED   0x00000004   Data   RW         4275    .data               system.o
    0x200001b8   COMPRESSED   0x00000004   Data   RW         4276    .data               system.o
    0x200001bc   COMPRESSED   0x00000004   Data   RW         4277    .data               system.o
    0x200001c0   COMPRESSED   0x00000004   Data   RW         4278    .data               system.o
    0x200001c4   COMPRESSED   0x00000004   Data   RW         4279    .data               system.o
    0x200001c8   COMPRESSED   0x00000001   Data   RW         4281    .data               system.o
    0x200001c9   COMPRESSED   0x00000001   Data   RW         4285    .data               system.o
    0x200001ca   COMPRESSED   0x00000002   PAD
    0x200001cc   COMPRESSED   0x00000004   Data   RW         4287    .data               system.o
    0x200001d0   COMPRESSED   0x00000004   Data   RW         4288    .data               system.o
    0x200001d4   COMPRESSED   0x00000004   Data   RW         4289    .data               system.o
    0x200001d8   COMPRESSED   0x00000004   Data   RW         4290    .data               system.o
    0x200001dc   COMPRESSED   0x00000004   Data   RW         4291    .data               system.o
    0x200001e0   COMPRESSED   0x00000004   Data   RW         4292    .data               system.o
    0x200001e4   COMPRESSED   0x00000004   Data   RW         4293    .data               system.o
    0x200001e8   COMPRESSED   0x00000004   Data   RW         4294    .data               system.o
    0x200001ec   COMPRESSED   0x00000001   Data   RW         4295    .data               system.o
    0x200001ed   COMPRESSED   0x00000001   Data   RW         4296    .data               system.o
    0x200001ee   COMPRESSED   0x00000001   Data   RW         4297    .data               system.o
    0x200001ef   COMPRESSED   0x00000001   Data   RW         4298    .data               system.o
    0x200001f0   COMPRESSED   0x00000060   Data   RW         4348    .data               balance.o
    0x20000250   COMPRESSED   0x00000018   Data   RW         4522    .data               show.o
    0x20000268        -       0x00000100   Zero   RW          375    .bss                adc.o
    0x20000368        -       0x00000400   Zero   RW          696    .bss                oled.o
    0x20000768        -       0x00000032   Zero   RW          803    .bss                usartx.o
    0x2000079a   COMPRESSED   0x00000002   PAD
    0x2000079c        -       0x000025ec   Zero   RW          929    .bss                lidar.o
    0x20002d88        -       0x00000010   Zero   RW         1093    .bss                dht11.o
    0x20002d98        -       0x00000040   Zero   RW         3453    .bss                queue.o
    0x20002dd8        -       0x000002e4   Zero   RW         3695    .bss                tasks.o
    0x200030bc        -       0x00000028   Zero   RW         4014    .bss                timers.o
    0x200030e4        -       0x00005000   Zero   RW         4215    .bss                heap_4.o
    0x200080e4        -       0x0000000c   Zero   RW         4266    .bss                system.o
    0x200080f0        -       0x00000014   Zero   RW         4267    .bss                system.o
    0x20008104        -       0x00000014   Zero   RW         4268    .bss                system.o
    0x20008118        -       0x00000014   Zero   RW         4269    .bss                system.o
    0x2000812c        -       0x00000014   Zero   RW         4270    .bss                system.o
    0x20008140        -       0x00000010   Zero   RW         4347    .bss                balance.o
    0x20008150        -       0x00000014   Zero   RW         4490    .bss                robot_select_init.o
    0x20008164        -       0x00000060   Zero   RW         5035    .bss                c_w.l(libspace.o)
    0x200081c4   COMPRESSED   0x00000004   PAD
    0x200081c8        -       0x00000200   Zero   RW         1420    HEAP                startup_stm32f40_41xxx.o
    0x200083c8        -       0x00000400   Zero   RW         1419    STACK               startup_stm32f40_41xxx.o


==============================================================================

Image component sizes


      Code (inc. data)   RO Data    RW Data    ZI Data      Debug   Object Name

      1138        102          0         26        256       7350   adc.o
      4516        664          0         96         16      20524   balance.o
      1074        102          0          4          0       9818   bh1750.o
       212         18          0          8          0       3529   delay.o
       600         36          0          4         16       4250   dht11.o
       924         64          0          0          0       6055   encoder.o
         0          0          0          0          0       9552   event_groups.o
       584        138          0         24      20480       4491   heap_4.o
        64          8          0          0          0        611   i2c.o
       184         12          0         20          0       3362   key.o
       160         20          0          8          0       2548   led.o
      1264        208          0        140       9708       7891   lidar.o
       136          0          0          0          0       3558   list.o
       228         96          0          4          0     316307   main.o
       144         14          0          0          0       2353   misc.o
       976         54          0          0          0       4970   motor.o
       312         50          0          8          0       1689   mq2.o
      1030         56       5284          0       1024       9010   oled.o
      1038        382          0         12          0      11537   port.o
      1832        236          0          0         64      14257   queue.o
       188         48          0          0         20       1785   robot_select_init.o
      3882        590          0         24          0       5721   show.o
        64         26        392          0       1536        876   startup_stm32f40_41xxx.o
       286         20          0          0          0       6106   stm32f4xx_adc.o
       184          0          0          0          0       4563   stm32f4xx_gpio.o
        12          0          0          0          0       3065   stm32f4xx_it.o
        12          6          0          0          0        590   stm32f4xx_pwr.o
       316         54          0         16          0       7678   stm32f4xx_rcc.o
      1156         60          0          0          0      19830   stm32f4xx_tim.o
       500         42          0          0          0       6917   stm32f4xx_usart.o
       160          6          0         68         92       3559   system.o
       272         36          0         20          0       2009   system_stm32f4xx.o
      2930        714          0         60        740      32673   tasks.o
      1144        260          0         20         40      10786   timers.o
        26          6          0          4          0       3144   usart.o
      1676        186          0         43         50       6763   usartx.o

    ----------------------------------------------------------------------
     29258       4314       5714        616      34044     559727   Object Totals
         0          0         32          0          0          0   (incl. Generated)
        34          0          6          7          2          0   (incl. Padding)

    ----------------------------------------------------------------------

      Code (inc. data)   RO Data    RW Data    ZI Data      Debug   Library Member Name

        90          0          0          0          0          0   __dczerorl2.o
         8          0          0          0          0         68   __main.o
       104          0          0          0          0         84   __printf.o
         0          0          0          0          0          0   __rtentry.o
        12          0          0          0          0          0   __rtentry2.o
         6          0          0          0          0          0   __rtentry4.o
        52          8          0          0          0          0   __scatter.o
        28          0          0          0          0          0   __scatter_zi.o
        44          0          0          0          0        108   _printf_char.o
        48          6          0          0          0         96   _printf_char_common.o
        36          4          0          0          0         80   _printf_char_file.o
         6          0          0          0          0          0   _printf_d.o
       120         16          0          0          0         92   _printf_dec.o
       178          0          0          0          0         88   _printf_intcommon.o
         0          0          0          0          0          0   _printf_percent.o
         4          0          0          0          0          0   _printf_percent_end.o
         6          0          0          0          0          0   _printf_s.o
        82          0          0          0          0         80   _printf_str.o
        22          0          0          0          0        100   _rserrno.o
        16          0          0          0          0         68   aeabi_memset.o
        18          0          0          0          0         80   exit.o
         8          0          0          0          0         68   ferror.o
         6          0          0          0          0        152   heapauxi.o
         2          0          0          0          0          0   libinit.o
         6          0          0          0          0          0   libinit2.o
         2          0          0          0          0          0   libshutdown.o
         2          0          0          0          0          0   libshutdown2.o
         8          4          0          0         96         68   libspace.o
        24          4          0          0          0         84   noretval__2printf.o
         8          4          0          0          0         68   rt_errno_addr_intlibspace.o
        68          0          0          0          0         68   rt_memclr.o
        78          0          0          0          0         80   rt_memclr_w.o
       138          0          0          0          0         68   rt_memcpy_v6.o
       100          0          0          0          0         80   rt_memcpy_w.o
         2          0          0          0          0          0   rtexit.o
        10          0          0          0          0          0   rtexit2.o
        74          0          0          0          0         80   sys_stackheap_outer.o
         2          0          0          0          0         68   use_no_semi.o
         2          0          0          0          0         68   use_no_semi_2.o
        24          0          0          0          0        164   basic.o
        98          4          0          0          0        140   d2f.o
       826         16          0          0          0        492   daddsub_clz.o
        16          4          0          0          0        116   dcheck1.o
        24          0          0          0          0        116   dcmpi.o
       688        140          0          0          0        256   ddiv.o
        94          4          0          0          0        140   dfix.o
        90          4          0          0          0        140   dfixu.o
        84          0          0          0          0        232   dflt_clz.o
       120          4          0          0          0        140   dleqf.o
       340         12          0          0          0        152   dmul.o
       156          4          0          0          0        140   dnaninf.o
        12          0          0          0          0        116   dretinf.o
       108          0          0          0          0        128   drleqf.o
       408         56          0          0          0        168   dsqrt_umaal.o
        86          4          0          0          0        132   f2d.o
       140          4          0          0          0        132   fnaninf.o
        10          0          0          0          0        116   fpinit.o
        10          0          0          0          0        116   fretinf.o
       100          0          0          0          0        116   retnan.o
        92          0          0          0          0        116   scalbn.o
        48          0          0          0          0        116   trapv.o
         0          0          0          0          0          0   usenofp.o
       184         44          0          0          0        744   dunder.o
        24          0          0          0          0        124   fabs.o
        48          0          0          0          0        124   fpclassify.o
       248          0          0          0          0        152   poly.o
      3152        296        136          0          0        352   pow.o
         0          0          8          0          0          0   qnan.o
      1080        142        200          0          0        188   rred.o
       110          0          0          0          0        148   sqrt.o
       128         20          0          0          0        144   tan.o
       848         84         96          0          0        196   tan_i.o

    ----------------------------------------------------------------------
     10836        888        440          0        100       7552   Library Totals
        20          0          0          0          4          0   (incl. Padding)

    ----------------------------------------------------------------------

      Code (inc. data)   RO Data    RW Data    ZI Data      Debug   Library Name

      1420         46          0          0         96       1896   c_w.l
      3574        256          0          0          0       3484   fz_wm.l
      5822        586        440          0          0       2172   m_wm.l

    ----------------------------------------------------------------------
     10836        888        440          0        100       7552   Library Totals

    ----------------------------------------------------------------------

==============================================================================


      Code (inc. data)   RO Data    RW Data    ZI Data      Debug   

     40094       5202       6154        616      34144     539391   Grand Totals
     40094       5202       6154        152      34144     539391   ELF Image Totals (compressed)
     40094       5202       6154        152          0          0   ROM Totals

==============================================================================

    Total RO  Size (Code + RO Data)                46248 (  45.16kB)
    Total RW  Size (RW Data + ZI Data)             34760 (  33.95kB)
    Total ROM Size (Code + RO Data + RW Data)      46400 (  45.31kB)

==============================================================================

